Found 416 transcript(s) in c:\PF\Joveo\CS-platform\Brain\recordings
  [1/416] [ok] 015a5979-4c9f-44ae-9b9d-f642529a5478 -- 8 speaker(s)
  [2/416] [ok] 017d6697-5957-49cd-b314-c98e467e024a -- 3 speaker(s)
  [3/416] [ok] 024e3c77-906d-4be5-96fe-cb23376ee75b -- 5 speaker(s)
  [4/416] [ok] 027ed51b-be07-49f5-b40b-633947f7dcd3 -- 2 speaker(s)
  [5/416] [ok] 029276c2-cc3c-452e-827c-3b9a8e751e0c -- 8 speaker(s)
  [6/416] [ok] 04cbf470-61b1-4f09-ad7c-45cb96b67f63 -- 4 speaker(s)
  [7/416] [ok] 050514a1-9706-4fe8-a676-760b12fb33b5 -- 4 speaker(s)
  [8/416] [ok] 060e51ca-8371-432b-8b18-9d0e8142d86c -- 4 speaker(s)
  [9/416] [ok] 06a22a9a-3053-46b3-aedd-371e2a15b4ad -- 3 speaker(s)
  [10/416] [ok] 07258bf9-5ce4-4680-a412-05e56cdfecf1 -- 7 speaker(s)
  [11/416] [ok] 07a3aa92-c47d-4487-a7ab-ea291baf85b1 -- 4 speaker(s)
  [12/416] [ok] 082374e7-211c-4d56-b86e-58d762e05775 -- 6 speaker(s)
  [13/416] [ok] 082690f8-a5be-4275-b5bc-7eb0594564f5 -- 7 speaker(s)
  [14/416] [ok] 08c6fad2-aab7-40d0-8232-a9f417a003a5 -- 4 speaker(s)
  [15/416] [ok] 0908f34c-f066-4d9d-8c8b-aa2769cc8c7b -- 3 speaker(s)
  [16/416] [ok] 09094d0d-3d5f-4b42-9639-35ddb40573d4 -- 3 speaker(s)
  [17/416] [ok] 091463fb-62d1-4208-860e-33c878aad4a6 -- 7 speaker(s)
  [18/416] [ok] 0b4f4d94-d55f-4c9a-844f-611a33785e31 -- 5 speaker(s)
  [19/416] [ok] 0c45576c-663a-4fd9-9993-b31afc7a1cad -- 5 speaker(s)
  [20/416] [ok] 0c6a1aa7-d862-4945-a5ad-54c325a74c5f -- 5 speaker(s)
  [21/416] [ok] 0e47e3cd-3333-452a-83f2-d451acb31bfc -- 6 speaker(s)
  [22/416] [ok] 0e9034a6-6a9b-4b87-b049-234caa9ea482 -- 3 speaker(s)
  [23/416] [ok] 0f983de5-e2d2-4586-acca-b0d848cdbe98 -- 6 speaker(s)
  [24/416] [ok] 0fc1f3af-ddac-4565-b235-79c8b5137905 -- 6 speaker(s)
  [25/416] [ok] 0fcf0943-91bc-4487-a762-de599a9b8a0b -- 12 speaker(s)
  [26/416] [ok] 109344fe-e1cc-43a1-bcdd-2b0bd99dcb12 -- 2 speaker(s)
  [27/416] [ok] 1280e21c-b6c6-4545-a01b-943607f70be3 -- 10 speaker(s)
  [28/416] [ok] 12a9e539-4851-4a8b-a838-3c1ebf0ff300 -- 4 speaker(s)
  [29/416] [ok] 12e4267c-7b23-4691-9b05-84a5678a5cf0 -- 3 speaker(s)
  [30/416] [ok] 12fce0a1-bd00-4b50-9793-1ac71ae5af63 -- 3 speaker(s)
  [31/416] [ok] 131f85c6-c096-42e6-8deb-4a2ac491367d -- 5 speaker(s)
  [32/416] [ok] 13e90b68-c693-418d-b31f-089e44a48699 -- 3 speaker(s)
  [33/416] [ok] 140fec2d-7a20-4deb-9276-ab658f5a9087 -- 3 speaker(s)
  [34/416] [ok] 143f118a-0559-48a9-9b8d-f4e865bdbd35 -- 2 speaker(s)
  [35/416] [ok] 157c9e39-ea53-411c-95d5-646f14248785 -- 2 speaker(s)
  [36/416] [ok] 158487c4-0c7f-4db5-aa93-bc9c19dddb55 -- 3 speaker(s)
  [37/416] [ok] 15af55f1-638a-4825-a2f9-b0bc25aed759 -- 8 speaker(s)
  [38/416] [ok] 161b0889-0227-4510-a419-649e2371240e -- 6 speaker(s)
  [39/416] [ok] 16303a58-2b67-4b20-a36c-cdaf3b9f0ed1 -- 4 speaker(s)
  [40/416] [ok] 1658e131-e1ff-49c8-8822-7e44ec856174 -- 5 speaker(s)
  [41/416] [ok] 167a3a81-97e8-4570-9881-d32138cb6898 -- 7 speaker(s)
  [42/416] [ok] 175e8529-be6f-4c91-b3c6-5219347708c4 -- 3 speaker(s)
  [43/416] [ok] 17b55f1f-c0c7-41a7-8797-4d65cdb76456 -- 8 speaker(s)
  [44/416] [ok] 180386e1-eafe-4cd7-ba58-26481a84eae5 -- 2 speaker(s)
  [45/416] [ok] 19752037-ce80-42ee-b901-56792fc16d76 -- 4 speaker(s)
  [46/416] [ok] 197a5239-bdb8-4f0b-a6d7-a00b1ea14e84 -- 9 speaker(s)
  [47/416] [ok] 19949c43-f49a-4123-b2c3-0ee09bb22542 -- 7 speaker(s)
  [48/416] [ok] 1a031715-78cf-4bce-b61a-21031a7b5c1b -- 3 speaker(s)
  [49/416] [ok] 1b535a0a-d220-46bf-bb97-6342f5035794 -- 4 speaker(s)
  [50/416] [ok] 1c2a3561-a3d1-49ee-bca3-6f3e691b1be9 -- 2 speaker(s)
  [51/416] [ok] 1c645b8b-d8ea-44fc-920e-fefe06327046 -- 3 speaker(s)
  [52/416] [ok] 1e2c03ac-2841-40d2-822f-9907a39e3c47 -- 6 speaker(s)
  [53/416] [ok] 1fc37b04-965e-4c58-a33a-112cd4e89be0 -- 7 speaker(s)
  [54/416] [ok] 20cfd4a8-3755-4a8e-917b-e40b265b2d46 -- 3 speaker(s)
  [55/416] [ok] 20ee2343-9f80-4b4c-ab55-d58bc42fcdb5 -- 11 speaker(s)
  [56/416] [ok] 21c1456a-63b5-4f78-a282-e4152188c498 -- 4 speaker(s)
  [57/416] [ok] 223a17df-1f36-4045-b520-92d6f4ae8a51 -- 3 speaker(s)
  [58/416] [ok] 23fe9cdf-e617-49c5-a3ce-fbf45a76ef60 -- 13 speaker(s)
  [59/416] [ok] 245eb3b6-b96f-4f38-ad0f-0fc3e468e877 -- 2 speaker(s)
  [60/416] [ok] 246c3edd-dd00-46a4-9aaa-d93c690c8a5e -- 7 speaker(s)
  [61/416] [ok] 24980cc6-e3ac-4bd7-80aa-8bbe3bf02ea5 -- 5 speaker(s)
  [62/416] [ok] 24a1acf5-f796-47cd-906f-f2213dcc8f6f -- 10 speaker(s)
  [63/416] [ok] 24c6c1f4-50bc-4ad8-97da-bb0d8fd480f4 -- 5 speaker(s)
  [64/416] [ok] 25ad72d5-c42d-4221-a7dd-0f0a74bea76e -- 2 speaker(s)
  [65/416] [ok] 25d9e3e5-e13c-4dc6-ae5c-9fc402a4722a -- 5 speaker(s)
  [66/416] [ok] 26c89244-8c0c-446a-bca1-1c185936351c -- 3 speaker(s)
  [67/416] [ok] 26fc8714-878d-482d-bf82-2fb55c9f03bf -- 3 speaker(s)
  [68/416] [ok] 27a042dd-800f-4d69-95f2-bd4639496e03 -- 5 speaker(s)
  [69/416] [ok] 27e9de91-4993-4b01-b753-8e0fa7bd38bb -- 3 speaker(s)
  [70/416] [ok] 28cd171d-d8d9-4a25-9510-287548e13990 -- 8 speaker(s)
  [71/416] [ok] 2a2bd7c6-4920-4762-a62b-41f5ae1dec50 -- 7 speaker(s)
  [72/416] [ok] 2b1cc972-0b2e-48d1-b563-dc2f1afec4ac -- 6 speaker(s)
  [73/416] [ok] 2d32651d-3bc2-4532-b1e0-60d1b5505dee -- 9 speaker(s)
  [74/416] [ok] 2d7b864d-7586-4344-9e8b-200a2e81dde1 -- 6 speaker(s)
  [75/416] [ok] 2ddc1cad-ecb7-4b5e-93fe-4e6b19321b30 -- 9 speaker(s)
  [76/416] [ok] 2ec64a88-51b1-463e-9275-e556de0a8089 -- 2 speaker(s)
  [77/416] [ok] 2f4a5e86-3f05-4f28-8094-7cb012b7b391 -- 7 speaker(s)
  [78/416] [ok] 2f6f3a54-1043-41c3-9ed6-554407d196dc -- 8 speaker(s)
  [79/416] [ok] 300be1e1-fd6c-4778-80ab-849f78e69dd6 -- 1 speaker(s)
  [80/416] [ok] 3075c84a-b535-44ae-b32e-359610be36dd -- 4 speaker(s)
  [81/416] [ok] 325c897b-0057-4bda-ace3-4f6bafb4bcf5 -- 3 speaker(s)
  [82/416] [ok] 32909863-31ba-45a4-8d2f-8d642931e338 -- 3 speaker(s)
  [83/416] [ok] 343cb4e0-6fb7-4da1-bc68-7baf9115b0d8 -- 3 speaker(s)
  [84/416] [ok] 3842a1c4-4495-42a5-ab5d-f4b1c7f9b7af -- 3 speaker(s)
  [85/416] [ok] 38892b87-0011-415e-ae10-81184e509072 -- 2 speaker(s)
  [86/416] [ok] 39d374d6-85e3-4410-837e-ff185bc5b367 -- 3 speaker(s)
  [87/416] [ok] 3a901f87-9ce7-43f9-a36a-f231f0db5aa1 -- 9 speaker(s)
  [88/416] [ok] 3caa287d-7afa-4fe0-b28b-940325ba9e88 -- 5 speaker(s)
  [89/416] [ok] 3dadeb77-eec6-4046-8e0a-a432e1e9b505 -- 7 speaker(s)
  [90/416] [ok] 3db43c7b-bc7e-483e-9713-8369a0bb8523 -- 5 speaker(s)
  [91/416] [ok] 3df9cbf5-eea7-4c9d-b94a-4cfb2fbabce0 -- 3 speaker(s)
  [92/416] [ok] 3e32cd87-6ba4-468c-bbd9-d8715ebd4a5d -- 5 speaker(s)
  [93/416] [ok] 3e4a62ed-9d1b-4d83-900c-b8dcc66f3120 -- 5 speaker(s)
  [94/416] [ok] 3e4c3393-c3cc-4047-a5bc-57bccbfaee4f -- 5 speaker(s)
  [95/416] [ok] 3e8f663f-ce29-4214-88b6-c55af26d5a1b -- 2 speaker(s)
  [96/416] [ok] 3f7bd20d-0c77-468d-b95a-09f650020899 -- 7 speaker(s)
  [97/416] [ok] 3ff780c7-4a20-407a-af3f-584dc44f89f2 -- 3 speaker(s)
  [98/416] [ok] 3ffb382f-4d4b-49bd-a636-36e6358ee29e -- 5 speaker(s)
  [99/416] [ok] 40103071-9af7-4f40-8137-ec83e1e37219 -- 7 speaker(s)
  [100/416] [ok] 40a783fd-48d6-45f2-8a29-31c1f0d2c541 -- 8 speaker(s)
  [101/416] [ok] 40fc4d01-9a9e-4da2-855d-e26f549c418f -- 3 speaker(s)
  [102/416] [ok] 41511525-3303-41ce-8025-f9bbde377c91 -- 5 speaker(s)
  [103/416] [ok] 419ee94e-f786-4bc3-9d62-6b70eee0ad2c -- 8 speaker(s)
  [104/416] [ok] 4210ee5b-cbfd-458f-aa3b-7c2d5d0d6443 -- 5 speaker(s)
  [105/416] [ok] 429ad3a8-330f-41d6-8f80-bb36770b5341 -- 3 speaker(s)
  [106/416] [ok] 42a13d3d-7d89-4ab9-849b-86878527f9cc -- 7 speaker(s)
  [107/416] [ok] 42c9627e-16c7-4eb3-8d1d-b261f8bb4a02 -- 3 speaker(s)
  [108/416] [ok] 430f1b37-2eb8-4826-b600-560ffa0b5d53 -- 5 speaker(s)
  [109/416] [ok] 4398bea0-1e23-4864-8a2c-c6c78475abe8 -- 3 speaker(s)
  [110/416] [ok] 43ebc3ea-ed7c-453c-af01-12694d376f7e -- 5 speaker(s)
  [111/416] [ok] 44be9288-76d7-46b1-859e-6566fa4bc7d3 -- 3 speaker(s)
  [112/416] [ok] 45c580b5-bff3-43c5-be15-98a591dfc7b0 -- 4 speaker(s)
  [113/416] [ok] 45ec89ed-7e2b-4790-bb06-7cfeeb636c1b -- 5 speaker(s)
  [114/416] [ok] 45ee54f7-816a-46b9-a1d7-e8e880b0d7b9 -- 5 speaker(s)
  [115/416] [ok] 46984598-f001-4228-af74-08384586d573 -- 4 speaker(s)
  [116/416] [ok] 4747fd4d-4dd4-4d8a-8b38-f82c9401b106 -- 7 speaker(s)
  [117/416] [ok] 486bb2c5-7166-46dd-a3b3-926db471ce8a -- 3 speaker(s)
  [118/416] [ok] 4990585d-350c-4578-9d2a-ce6795720eb3 -- 2 speaker(s)
  [119/416] [ok] 49e61ed3-479b-462d-8301-e1bc804d8ea0 -- 8 speaker(s)
  [120/416] [ok] 4a33d23a-01b0-4500-b3fb-f4d28ed03ca9 -- 5 speaker(s)
  [121/416] [ok] 4a545998-797e-403e-829e-a4afa54c96e1 -- 2 speaker(s)
  [122/416] [ok] 4a6bafa5-8216-443e-be24-bf144b145943 -- 5 speaker(s)
  [123/416] [ok] 4b8103dd-c1c9-49da-9c5f-85f67df00167 -- 7 speaker(s)
  [124/416] [ok] 4c03e03a-56ff-4025-9a89-76ce53ab86db -- 2 speaker(s)
  [125/416] [ok] 4c1ab82d-aaa9-45d2-a86c-e9a9e900905e -- 5 speaker(s)
  [126/416] [ok] 4c610b70-d024-422c-8d00-a0cb7523ca47 -- 9 speaker(s)
  [127/416] [ok] 4d6f0b8e-dad4-47e9-94c7-d5f165e95476 -- 2 speaker(s)
  [128/416] [ok] 4de07972-b723-4325-be67-9b5798f523e9 -- 2 speaker(s)
  [129/416] [ok] 4de70af0-4a69-43b4-9bb5-25bdefaed5d4 -- 5 speaker(s)
  [130/416] [ok] 4dea0d11-71f9-4215-bbc9-515d6e4c90f6 -- 3 speaker(s)
  [131/416] [ok] 4e74b595-0482-40cb-bc7a-2edc57025c93 -- 5 speaker(s)
  [132/416] [ok] 4ec3b2af-f9c8-4d05-87c6-25c3cbd4861e -- 3 speaker(s)
  [133/416] [ok] 4ee08fa2-57d3-46e2-aefb-f5d92dc27a91 -- 6 speaker(s)
  [134/416] [ok] 4f69f5cb-0fc3-4867-9b0a-96c47614f3e9 -- 5 speaker(s)
  [135/416] [ok] 500d8231-f371-4ae4-9cee-476866971c09 -- 4 speaker(s)
  [136/416] [ok] 507640c3-9601-4316-a660-d8978d777275 -- 5 speaker(s)
  [137/416] [ok] 534583de-064c-46a7-8514-deed40fcdf03 -- 4 speaker(s)
  [138/416] [ok] 5391083b-0096-4f2b-9dbc-7365b00b956d -- 2 speaker(s)
  [139/416] [ok] 547b8bc7-1412-4e4f-a315-269fd92e57c1 -- 5 speaker(s)
  [140/416] [ok] 54911435-c99c-4f05-80a4-8b76b1391e5e -- 7 speaker(s)
  [141/416] [ok] 54c07609-8622-4a9f-bb63-bf05e04c7fcb -- 2 speaker(s)
  [142/416] [ok] 54ed7907-45fd-4c67-91a6-3e06ed6abc43 -- 2 speaker(s)
  [143/416] [ok] 550b2b9a-f2dc-4981-a2c1-84dcb8f0490a -- 3 speaker(s)
  [144/416] [ok] 555e2e48-c0cc-44bc-8760-9f7b896b0bb6 -- 8 speaker(s)
  [145/416] [ok] 557aae8b-1430-4422-86bd-782ab868337d -- 4 speaker(s)
  [146/416] [ok] 55c783a4-9341-4d1e-a600-c6947967aaf2 -- 5 speaker(s)
  [147/416] [ok] 5645373e-bb8b-40b4-9379-abf8d7c995fe -- 8 speaker(s)
  [148/416] [ok] 564b5a2b-8339-416e-9d95-177c7bc38de0 -- 3 speaker(s)
  [149/416] [ok] 56a79f60-721b-4785-ab8b-e2bef190a3b2 -- 4 speaker(s)
  [150/416] [ok] 59c247aa-0667-49de-a88b-3fa075f9a1b8 -- 3 speaker(s)
  [151/416] [ok] 5abe14f8-c5a6-421f-b984-1b8890be6640 -- 2 speaker(s)
  [152/416] [ok] 5b27c3d7-1584-406c-9161-412d0bab5b08 -- 3 speaker(s)
  [153/416] [ok] 5ba71622-9f5d-48b9-b19f-a341b4556f80 -- 3 speaker(s)
  [154/416] [ok] 5bb1a755-ce71-4152-81fc-ef69ab0e6cf5 -- 4 speaker(s)
  [155/416] [ok] 5c241243-28f6-4de1-ab88-4fbed8c2c57a -- 6 speaker(s)
  [156/416] [ok] 5c7d8714-8554-4a9c-8d8c-958e3566ae13 -- 4 speaker(s)
  [157/416] [ok] 5d08ec27-aa0d-466a-90ef-a77649245db7 -- 3 speaker(s)
  [158/416] [ok] 5d8cdec7-2742-48d0-9c7c-7ea9389ed5d7 -- 1 speaker(s)
  [159/416] [ok] 5df8e9e5-f9e9-48b5-aa6b-7a0bf158c30c -- 9 speaker(s)
  [160/416] [ok] 5e53e0b2-407d-44b7-b02e-d540c0b7da6b -- 2 speaker(s)
  [161/416] [ok] 5f0ade70-d613-43de-be12-306ab815b80e -- 3 speaker(s)
  [162/416] [ok] 5f72798f-cc20-4ecb-90b1-072c680c58c9 -- 4 speaker(s)
  [163/416] [ok] 5f9d8f75-69e6-4c89-a1bf-cf4caa6445b6 -- 2 speaker(s)
  [164/416] [ok] 600a71bf-9dc1-4b31-a915-6d90d9ecd269 -- 6 speaker(s)
  [165/416] [ok] 60898be1-c415-4899-a68c-a40713becb2b -- 3 speaker(s)
  [166/416] [ok] 62d1bc04-519a-4812-a2f4-1734af9dd891 -- 5 speaker(s)
  [167/416] [ok] 63cae46c-419e-43da-9ad3-d7ccf1a8e914 -- 2 speaker(s)
  [168/416] [ok] 658e0e36-a1a6-4003-8f11-9e9c17525377 -- 5 speaker(s)
  [169/416] [ok] 66d79001-6d7f-47fd-b410-d9105e207683 -- 2 speaker(s)
  [170/416] [ok] 673880f2-1168-4d7a-8f75-22abad6b686d -- 6 speaker(s)
  [171/416] [ok] 674a0f84-f4d2-4e17-9e96-12617a5f04b4 -- 7 speaker(s)
  [172/416] [ok] 676f9781-2dc2-4cad-9740-d98244d034de -- 8 speaker(s)
  [173/416] [ok] 6afaa9c0-39d4-485a-a8eb-c957098c9a03 -- 3 speaker(s)
  [174/416] [ok] 6b454bba-2097-4b34-8eeb-08668e021e03 -- 11 speaker(s)
  [175/416] [ok] 6c629c01-759e-4172-a07f-4439dd01ddbd -- 5 speaker(s)
  [176/416] [ok] 6d9ffe90-2015-44b8-94f9-4476ba470036 -- 7 speaker(s)
  [177/416] [ok] 6e509a7f-e0d0-4fd1-b779-ddfb4e8e12f1 -- 6 speaker(s)
  [178/416] [ok] 6e9e9ba8-a181-4efb-aecc-812242606bba -- 2 speaker(s)
  [179/416] [ok] 6e9f72ab-e0c7-483d-9ee4-c83660053da1 -- 6 speaker(s)
  [180/416] [ok] 6f6bb5e9-3e52-4ac2-a6d4-62a94919b5a0 -- 6 speaker(s)
  [181/416] [ok] 6fe00c2f-2cfe-452b-b8db-c85272720426 -- 8 speaker(s)
  [182/416] [ok] 7008624c-3497-46ba-9398-9d8c1b47a1c6 -- 5 speaker(s)
  [183/416] [ok] 71389833-fe50-40d1-a970-7f2068e4f0fc -- 5 speaker(s)
  [184/416] [ok] 71d90f49-d6d9-4701-8e7d-484d331d9b24 -- 8 speaker(s)
  [185/416] [ok] 7242f063-9ce3-45f4-b78e-9f4d2b90b35b -- 4 speaker(s)
  [186/416] [ok] 72c8b2a4-2eab-4b4d-a695-cf508e304ab9 -- 6 speaker(s)
  [187/416] [ok] 73e111e0-87c3-4d3c-9b93-54ebbf4f3ccd -- 4 speaker(s)
  [188/416] [ok] 73efd7fb-c25d-4f61-a97d-6f55946ba2bf -- 8 speaker(s)
  [189/416] [ok] 74cb4201-9b5e-424b-8386-0b61ba282fdf -- 10 speaker(s)
  [190/416] [ok] 75002e09-b9c7-4988-910e-9db924ef49db -- 4 speaker(s)
  [191/416] [ok] 76017387-fbf2-4ac3-98ef-607195e11526 -- 6 speaker(s)
  [192/416] [ok] 7611ea52-5da5-4499-baac-2ffe9621581b -- 2 speaker(s)
  [193/416] [ok] 7683abc6-a283-442c-836a-4014ee4d0695 -- 7 speaker(s)
  [194/416] [ok] 76928b97-4f52-489b-8dda-86993bbf91ee -- 9 speaker(s)
  [195/416] [ok] 76977841-5bd2-4564-ab1a-a379396c6dbb -- 11 speaker(s)
  [196/416] [ok] 76b75f76-9ab5-4ef8-b4a2-ffc87448743d -- 4 speaker(s)
  [197/416] [ok] 76e5c022-83c9-49f4-8e74-3137aefbc237 -- 6 speaker(s)
  [198/416] [ok] 76eaae2b-f740-4494-b2c9-4166eff30bd6 -- 3 speaker(s)
  [199/416] [ok] 76f042ca-4aba-4728-a90e-9b95fa13b80c -- 7 speaker(s)
  [200/416] [ok] 7792569e-dd7a-41c2-8e2d-2eae8a79ad90 -- 9 speaker(s)
  [201/416] [ok] 78691c25-8ca0-4cbc-aa7c-e8eaa01d320f -- 4 speaker(s)
  [202/416] [ok] 7a62464b-6ec1-4a4e-8190-2b3c2341637b -- 6 speaker(s)
  [203/416] [ok] 7aac8600-ee91-4a66-a5d2-193382b046aa -- 3 speaker(s)
  [204/416] [ok] 7ba0f820-e7ac-4944-b6d5-e8c329498b76 -- 3 speaker(s)
  [205/416] [ok] 7cb6c543-fe8b-4532-b35c-d58c70569864 -- 3 speaker(s)
  [206/416] [ok] 7d03ef80-ee61-4729-96ae-1a5de99ec580 -- 6 speaker(s)
  [207/416] [ok] 7dba355c-0781-4911-8be1-2aece83359cb -- 5 speaker(s)
  [208/416] [ok] 7f6fa9bf-1557-4d6e-992c-402e03aad7a5 -- 4 speaker(s)
  [209/416] [ok] 802b50ca-08b3-4e6b-bf38-db946a2779b0 -- 8 speaker(s)
  [210/416] [ok] 8094d6f9-3cb8-4983-a74b-23087883980f -- 2 speaker(s)
  [211/416] [ok] 80e6cf19-d8ab-4600-9f65-1f26f772f80c -- 6 speaker(s)
  [212/416] [ok] 820da9b3-8391-4f95-b8dd-f9fbcd366877 -- 2 speaker(s)
  [213/416] [ok] 823b8d41-f936-4aad-b64d-79b92a0054ab -- 2 speaker(s)
  [214/416] [ok] 8318f837-4efd-4ce2-b576-3da7abce801b -- 4 speaker(s)
  [215/416] [ok] 83c65aae-d485-4239-8a91-917145a021c5 -- 3 speaker(s)
  [216/416] [ok] 852def4d-af78-42de-8c56-16b3eb0a7fde -- 5 speaker(s)
  [217/416] [ok] 85e6ef37-41b8-4548-add2-80fe50d4c2bc -- 7 speaker(s)
  [218/416] [ok] 85f18d2e-fe89-4cfd-a850-6b09a680382f -- 4 speaker(s)
  [219/416] [ok] 86052a63-b141-4528-933f-c2c52754c817 -- 6 speaker(s)
  [220/416] [ok] 865fb234-af06-4884-ad21-f1bc405d9c4b -- 3 speaker(s)
  [221/416] [ok] 871437b6-780e-46a6-8b97-f21bd7127db7 -- 5 speaker(s)
  [222/416] [ok] 87b40c98-7f57-4a0b-a72d-aa13b58e5ee7 -- 6 speaker(s)
  [223/416] [ok] 88c1956e-43a9-48b5-bd3f-1671a85b2774 -- 4 speaker(s)
  [224/416] [ok] 8a208fa4-8b79-455c-86ad-634e7c5bca55 -- 9 speaker(s)
  [225/416] [ok] 8af5964f-4301-411d-a7df-3493bc50a200 -- 3 speaker(s)
  [226/416] [ok] 8c79e188-3592-438a-af44-37e0a4451d22 -- 3 speaker(s)
  [227/416] [ok] 8cef3122-80b0-418e-b749-9a8650fe5db3 -- 5 speaker(s)
  [228/416] [ok] 8d87bfe2-a308-4509-9fce-39c7ae35ca7a -- 7 speaker(s)
  [229/416] [ok] 8d914a02-eba4-4cb8-82da-8cec95cba04f -- 6 speaker(s)
  [230/416] [ok] 8d970135-0c8a-4a44-ab8b-fbaab1da7e65 -- 5 speaker(s)
  [231/416] [ok] 8ed31d79-cb11-4a9a-a4a9-68ca1a90d7fe -- 4 speaker(s)
  [232/416] [ok] 8f250df0-e782-4141-b01d-e96aaa479be5 -- 9 speaker(s)
  [233/416] [ok] 8f3a1ff2-ab6e-451b-bba2-fc400fc9eee5 -- 8 speaker(s)
  [234/416] [ok] 8f5af4ff-a50e-4849-8ab2-a16cd1349e9e -- 4 speaker(s)
  [235/416] [ok] 8f72a49c-2001-4407-8082-c6450681bcb1 -- 3 speaker(s)
  [236/416] [ok] 8fe8c09c-1c7f-48f4-873d-1243907370f1 -- 4 speaker(s)
  [237/416] [ok] 91318b13-772e-4408-ab38-ccf6fc5d1426 -- 4 speaker(s)
  [238/416] [ok] 91db7a01-3908-42c1-8320-6612b3396e95 -- 2 speaker(s)
  [239/416] [ok] 921c7067-30cb-4e32-bf20-17bef2f3a053 -- 5 speaker(s)
  [240/416] [ok] 9250506d-6896-4670-8668-827ba1391fe8 -- 4 speaker(s)
  [241/416] [ok] 93a9182b-2bdd-45d0-bbd7-7c493adfcf48 -- 7 speaker(s)
  [242/416] [ok] 9481bbef-7177-469c-ae61-dcfe77fea98a -- 4 speaker(s)
  [243/416] [ok] 94c4b6fc-79c6-4275-8232-b306e5a54fd0 -- 4 speaker(s)
  [244/416] [ok] 950cdbfc-b5a7-4888-81e6-88916702c3d6 -- 3 speaker(s)
  [245/416] [ok] 95306917-eef3-4102-8244-4eda3080abb2 -- 4 speaker(s)
  [246/416] [ok] 95fa12f9-c0ee-4825-bdf7-0ab0da96debb -- 2 speaker(s)
  [247/416] [ok] 960369e5-e924-4e5b-9a78-c275215ade2d -- 3 speaker(s)
  [248/416] [ok] 961e2ff6-242c-44c3-9043-2a4dfeb5fde6 -- 2 speaker(s)
  [249/416] [ok] 96409d29-525c-494c-b541-33b031ae9c3b -- 3 speaker(s)
  [250/416] [ok] 96bd358f-b9ac-44fa-99f7-45cec003e5af -- 2 speaker(s)
  [251/416] [ok] 96c81797-f4e5-4f4f-9b37-449d3cc8ef86 -- 4 speaker(s)
  [252/416] [ok] 96e4cb9e-3f34-421f-8bb9-01fd3db41a2a -- 4 speaker(s)
  [253/416] [ok] 976a9046-a758-4d39-8b26-e4aa66b2c25b -- 7 speaker(s)
  [254/416] [ok] 9804d58d-fe50-4c69-a6cc-82f9789edb4c -- 7 speaker(s)
  [255/416] [ok] 98463170-a1f3-4f81-a343-b38077569c65 -- 3 speaker(s)
  [256/416] [ok] 98c99c02-6d87-4b99-b983-7611607888e8 -- 3 speaker(s)
  [257/416] [ok] 98ff9084-27ab-40cf-a1a2-e80fd46c458c -- 4 speaker(s)
  [258/416] [ok] 998fa75c-900c-4ef2-b851-876c90a91d24 -- 4 speaker(s)
  [259/416] [ok] 9a4975d1-4da7-40d4-8eb5-8cfe8855a32b -- 3 speaker(s)
  [260/416] [ok] 9a6326d2-5bf0-46dd-9cfb-4b6cea573963 -- 4 speaker(s)
  [261/416] [ok] 9b2a018a-d7c7-4fd5-877e-02f7143f2ed3 -- 4 speaker(s)
  [262/416] [ok] 9becbd19-d671-46d9-855c-adf2fac4b532 -- 7 speaker(s)
  [263/416] [ok] 9c10ba28-0b55-4a78-8e2f-289187fe624f -- 3 speaker(s)
  [264/416] [ok] 9cab9693-4e10-4f5d-a75b-4ff6aaec0bb3 -- 7 speaker(s)
  [265/416] [ok] 9da366ab-bed7-43c7-87ed-4711960bf0c2 -- 3 speaker(s)
  [266/416] [ok] 9e7c8925-7bb1-437a-bf13-0fd92f6ecdef -- 6 speaker(s)
  [267/416] [ok] 9ee038d5-81fa-413e-a617-ef2d1cf9c8b3 -- 4 speaker(s)
  [268/416] [ok] 9f80f1d6-a1bb-44b8-84a2-ed0eb1e518d1 -- 2 speaker(s)
  [269/416] [ok] 9fa3b00c-74fa-4e5a-b2cc-186f94400e4f -- 7 speaker(s)
  [270/416] [ok] 9fa3b664-acc4-40bd-a963-6a02950e2861 -- 4 speaker(s)
  [271/416] [ok] a0bf4c53-3d24-434e-9eac-6813d380f52e -- 5 speaker(s)
  [272/416] [ok] a0cf17e2-f7e9-4ac0-9292-44039855d62f -- 6 speaker(s)
  [273/416] [ok] a1b310bb-e201-4e45-a446-cfa2653d4bb9 -- 8 speaker(s)
  [274/416] [ok] a26e1562-1c14-484e-96d8-97533c3cf715 -- 5 speaker(s)
  [275/416] [ok] a2f22b1a-897f-4614-97e0-fca4f768d1fb -- 4 speaker(s)
  [276/416] [ok] a476135e-0161-47ff-9dad-fbf71731c8b6 -- 3 speaker(s)
  [277/416] [ok] a7147ffc-4f0c-4de6-82a9-8c1f7eb2e6df -- 2 speaker(s)
  [278/416] [ok] a72dc491-54d2-4968-8d2b-303ac7523bd6 -- 5 speaker(s)
  [279/416] [ok] a7842980-e67f-4675-a085-7f4872197e23 -- 3 speaker(s)
  [280/416] [ok] a80d9169-bf41-4d83-b5d7-46a169388459 -- 3 speaker(s)
  [281/416] [ok] a84daddb-5276-44bd-ac19-fae1d18c021b -- 7 speaker(s)
  [282/416] [ok] a8d59830-455d-4496-bebc-32bac479ec9c -- 3 speaker(s)
  [283/416] [ok] a9c2634d-94a1-4535-b153-be82a4007dd9 -- 4 speaker(s)
  [284/416] [ok] aabecb86-28f8-49ce-9172-1b975c88a405 -- 3 speaker(s)
  [285/416] [ok] ac1aac7b-b2f1-4f82-8837-a97361517d22 -- 5 speaker(s)
  [286/416] [ok] ac557b55-914c-498a-badb-f754dbee9e6c -- 3 speaker(s)
  [287/416] [ok] acc24a3f-c810-40b7-8f93-94788bc6a03d -- 5 speaker(s)
  [288/416] [ok] acc5ce5a-6930-4060-a95b-0732a26af407 -- 5 speaker(s)
  [289/416] [ok] add622ce-9a2e-4897-a3c0-d8ff48d440ed -- 4 speaker(s)
  [290/416] [ok] adea9dd5-eb7e-4828-a5bc-7a2e3a2a69a6 -- 1 speaker(s)
  [291/416] [ok] afde4448-e144-4245-8f52-c47d076a7fa8 -- 5 speaker(s)
  [292/416] [ok] b098071a-600d-4a1a-a4c7-c08cd61136da -- 3 speaker(s)
  [293/416] [ok] b0f408a1-c8e0-43b3-bdd4-1927a58c81ef -- 4 speaker(s)
  [294/416] [ok] b0fccf1b-0f58-4bed-81a9-3b18bb712562 -- 18 speaker(s)
  [295/416] [ok] b11b5232-ae16-4171-ba13-5df563866876 -- 2 speaker(s)
  [296/416] [ok] b162fc95-3516-42ac-96ad-befa42cac271 -- 7 speaker(s)
  [297/416] [ok] b1693be6-ded5-4c93-9d5a-32289af3d512 -- 2 speaker(s)
  [298/416] [ok] b29431d7-f650-4c8d-bcf6-dd319731dcf6 -- 3 speaker(s)
  [299/416] [ok] b3549fde-4c4b-4b52-9608-0175391eb138 -- 4 speaker(s)
  [300/416] [ok] b3658f2a-5fab-4bf1-93e6-9e0cc4fd3f80 -- 5 speaker(s)
  [301/416] [ok] b396d715-4476-4bb4-9aaa-2bf7e2746fba -- 4 speaker(s)
  [302/416] [ok] b49b7ddc-3c54-4494-9767-d7471b5acf00 -- 3 speaker(s)
  [303/416] [ok] b4e3ea49-39f8-41f1-804a-f12b091f79bb -- 4 speaker(s)
  [304/416] [ok] b4faa900-5ee6-404b-95b7-aff3a0763a6b -- 5 speaker(s)
  [305/416] [ok] b5179c46-f8cd-45bb-b04b-6b1eb5e37176 -- 6 speaker(s)
  [306/416] [ok] b51f37de-1881-4416-b3b1-78b6d64619d3 -- 6 speaker(s)
  [307/416] [ok] b67528dd-e62a-4098-b0a3-7c441ae837c2 -- 5 speaker(s)
  [308/416] [ok] b6c549f2-ce33-492d-9072-4c24cc32b148 -- 4 speaker(s)
  [309/416] [ok] b6f87222-4325-4f20-8047-54034e96f3c5 -- 2 speaker(s)
  [310/416] [ok] b73054dc-a462-4b6b-8ffa-079e8bca9468 -- 4 speaker(s)
  [311/416] [ok] b76e6685-36f0-408b-b67f-ecafb3bff767 -- 3 speaker(s)
  [312/416] [ok] b85a6a44-9b5b-4358-8f5c-53ac3a9b5442 -- 4 speaker(s)
  [313/416] [ok] b8a8c123-f343-4dfa-857a-fd3b8cb285ad -- 3 speaker(s)
  [314/416] [ok] b99ce347-cf6b-47d4-b3c2-8efac781fb48 -- 2 speaker(s)
  [315/416] [ok] b9adf776-e701-4b56-87e0-aa48399e615e -- 4 speaker(s)
  [316/416] [ok] ba4933f4-5449-4cef-afa9-1096d5986369 -- 6 speaker(s)
  [317/416] [ok] bb5c2fc8-4695-4f80-bbd9-928543962eb2 -- 9 speaker(s)
  [318/416] [ok] bbdf3c89-7140-453d-b2b3-7a5d9f6398fe -- 6 speaker(s)
  [319/416] [ok] bc33c275-869c-4c4e-99a3-d1f25a427b4e -- 6 speaker(s)
  [320/416] [ok] bda8ebbf-fd6d-4ee7-9c61-d9f8ad7d1fe3 -- 3 speaker(s)
  [321/416] [ok] c3023e51-f493-4e2c-9a52-02a0be7e90bd -- 3 speaker(s)
  [322/416] [ok] c39b7d84-a80b-4251-adce-0f50c61e0a50 -- 4 speaker(s)
  [323/416] [ok] c3aed1c3-0af5-48db-81f4-2648adb7f637 -- 4 speaker(s)
  [324/416] [ok] c3d391b4-cef3-48c2-8fff-119de36ebecd -- 2 speaker(s)
  [325/416] [ok] c645eaf3-da00-49f2-b72c-3303a5a81d98 -- 5 speaker(s)
  [326/416] [ok] c651e498-296a-4ba2-8bf9-8d596d2e2d75 -- 3 speaker(s)
  [327/416] [ok] c6be9540-38fb-4aec-beb7-42c800d1f6f2 -- 5 speaker(s)
  [328/416] [ok] c7919ce5-e7ed-4e24-b14c-37ff4e6bc009 -- 8 speaker(s)
  [329/416] [ok] c820402f-e28a-46ad-870b-a8b687a79ce5 -- 6 speaker(s)
  [330/416] [ok] c9a8a8cb-6c33-44f4-aa3e-4ac2b50024a3 -- 8 speaker(s)
  [331/416] [ok] ca23457d-44f5-432f-9dca-f42803b4990c -- 6 speaker(s)
  [332/416] [fail] Call1 -- 404 not found
  [333/416] [fail] Call3 -- 404 not found
  [334/416] [fail] Call4 -- 404 not found
  [335/416] [fail] Call5 -- 404 not found
  [336/416] [ok] cbcf9b1d-76be-494b-9d4f-28614e9e7b69 -- 6 speaker(s)
  [337/416] [ok] ccb9152a-0361-4020-8e41-e0468a7617f6 -- 4 speaker(s)
  [338/416] [ok] cd31e351-bd9d-4d12-9dcd-33358d69d29e -- 3 speaker(s)
  [339/416] [ok] cd448e83-d0f0-4cb3-af0b-db9d3dac7c2f -- 3 speaker(s)
  [340/416] [ok] ce30eae6-f393-45d9-b146-cf84b4896f5b -- 6 speaker(s)
  [341/416] [ok] cf957bdf-988d-4e48-a89c-fee8d978e758 -- 4 speaker(s)
  [342/416] [ok] d0a21e49-b775-4d77-83f5-a664bf6ea647 -- 3 speaker(s)
  [343/416] [ok] d20484f1-d129-4fbe-9892-43541e561eb4 -- 3 speaker(s)
  [344/416] [ok] d2103a96-be6f-4a79-b239-f09fd07fb9f0 -- 4 speaker(s)
  [345/416] [ok] d29b5a91-c0b5-4685-9bcc-18381f8d3752 -- 2 speaker(s)
  [346/416] [ok] d373e123-c63c-4682-8ec4-680a2448f5a5 -- 5 speaker(s)
  [347/416] [ok] d41acec6-7883-4cb3-916c-d5885bd378e3 -- 3 speaker(s)
  [348/416] [ok] d4257c83-810f-4ae4-bb73-68073be6508b -- 4 speaker(s)
  [349/416] [ok] d4caadb6-d1e7-4361-aea7-146e17c09807 -- 4 speaker(s)
  [350/416] [ok] d5ba2781-34f8-4beb-81ca-cf7731e1bd4b -- 10 speaker(s)
  [351/416] [ok] d5cfbb65-0244-421c-8240-3cd1f5d9f5a9 -- 9 speaker(s)
  [352/416] [ok] d5e7324f-5ed3-403c-b91d-6c79f0477f06 -- 8 speaker(s)
  [353/416] [ok] d631effd-81bb-4e8a-abfa-5e455f0144cb -- 1 speaker(s)
  [354/416] [ok] d636f0a1-a7d9-4572-846c-b73848b87075 -- 3 speaker(s)
  [355/416] [ok] d6fd12b9-5329-4a6c-9115-aa60ff621a8f -- 5 speaker(s)
  [356/416] [ok] d782dfd1-e7af-43c8-b8f1-e16c619a4631 -- 3 speaker(s)
  [357/416] [ok] da13f8fd-144f-42a3-8b51-450ee80ec86f -- 3 speaker(s)
  [358/416] [ok] da238639-fe82-44ce-a0e1-691c7fa6cc2b -- 7 speaker(s)
  [359/416] [ok] db20a991-f797-459b-a683-2a135b1915e1 -- 4 speaker(s)
  [360/416] [ok] dbd6185c-415b-4061-9a2b-e61d233c0aaf -- 3 speaker(s)
  [361/416] [ok] dc182681-a08c-4ed0-b69b-fad0bc32b486 -- 2 speaker(s)
  [362/416] [ok] dda80b00-9c44-42d4-b98c-a98329401f01 -- 5 speaker(s)
  [363/416] [ok] de324894-cffd-4799-9583-ade47b5a24c7 -- 6 speaker(s)
  [364/416] [ok] dea2db49-3890-4890-8f0f-433ef728e31b -- 8 speaker(s)
  [365/416] [ok] df7e1ec4-3d4f-4f60-80a8-c5e8b8fb6f89 -- 3 speaker(s)
  [366/416] [ok] dfa3752a-a8bf-4c5a-a26b-fa9dbe713ba7 -- 6 speaker(s)
  [367/416] [ok] dfc8eeb9-16f4-46a3-8883-f00fa16b9ac7 -- 4 speaker(s)
  [368/416] [ok] e080ca9b-a09b-4214-8221-efc82a7ed176 -- 3 speaker(s)
  [369/416] [ok] e1cd66a1-0563-45bc-9cdb-566e5885b7f0 -- 4 speaker(s)
  [370/416] [ok] e226ce7c-16c1-4950-b4c7-19efbf1aa325 -- 3 speaker(s)
  [371/416] [ok] e2c4292a-31d3-4ad5-9f1b-20c27e617f3d -- 2 speaker(s)
  [372/416] [ok] e3596375-71c6-4fe8-ae8b-c09ed56fdac7 -- 7 speaker(s)
  [373/416] [ok] e3945e43-d108-4b8c-9265-4891b47703c5 -- 3 speaker(s)
  [374/416] [ok] e3d161a4-b2f5-4190-af6c-2c2dc78a27c4 -- 3 speaker(s)
  [375/416] [ok] e4bfdaf3-aab4-4a35-af1f-8cd170522df4 -- 6 speaker(s)
  [376/416] [ok] e541c35f-bdc0-4589-9b77-41a39a74ab31 -- 7 speaker(s)
  [377/416] [ok] e582e000-664c-481b-963f-867fb0cfb357 -- 4 speaker(s)
  [378/416] [ok] e5e43491-35f4-405a-b791-f5cd2352ea29 -- 4 speaker(s)
  [379/416] [ok] e5ec576d-1307-4b98-9ea4-3fa259f17cce -- 3 speaker(s)
  [380/416] [ok] e6a4efc7-9297-46e2-a56a-ac17a7226e9f -- 6 speaker(s)
  [381/416] [ok] e6d08d91-b5e8-48f8-bf84-fed6fbea30b9 -- 3 speaker(s)
  [382/416] [ok] e88e1a5d-0853-4fb4-95b8-bef36ff62194 -- 3 speaker(s)
  [383/416] [ok] e8915821-6bba-4bbb-87ea-45c1b1285f38 -- 6 speaker(s)
  [384/416] [ok] e8e21e48-6d80-4aca-8026-b27c839a1ee0 -- 4 speaker(s)
  [385/416] [ok] e8e2a304-0a68-40dd-8665-95bd7d1eabeb -- 4 speaker(s)
  [386/416] [ok] e90f9c3f-9b65-4722-829e-ec4fc63d809d -- 4 speaker(s)
  [387/416] [ok] ea0100e0-1f7e-4f0e-9d54-1de47548b5b4 -- 4 speaker(s)
  [388/416] [ok] ea2db642-9c30-473d-bad1-ca39948f4b25 -- 2 speaker(s)
  [389/416] [ok] ea36bf8b-8fb7-4df6-a18b-f903bd5de8da -- 7 speaker(s)
  [390/416] [ok] ea6c3a75-b8f3-4200-ae9d-a5240991ad19 -- 4 speaker(s)
  [391/416] [ok] eac6df36-f90c-49d9-8fd5-b92b4394ef5b -- 4 speaker(s)
  [392/416] [ok] ead8eaf5-57fe-4bae-91de-d4dd01199a6a -- 2 speaker(s)
  [393/416] [ok] eaf841c5-5f20-420a-b6f3-250b8c2beaa5 -- 7 speaker(s)
  [394/416] [ok] ecbdbf14-3759-430d-aee1-072b929b8ae8 -- 4 speaker(s)
  [395/416] [ok] ed19dc51-48d3-4966-a0b7-39e2f0d5ea93 -- 5 speaker(s)
  [396/416] [ok] ede081e5-19d3-4106-9f17-69852173a2ce -- 5 speaker(s)
  [397/416] [ok] ee762edd-3c8c-49b2-aa3b-e13055b345b1 -- 5 speaker(s)
  [398/416] [ok] eed5d24c-91a0-4b75-94f9-2bbb0a4bf3a9 -- 6 speaker(s)
  [399/416] [ok] f1981d79-2ea4-4b82-a98e-79af073b3860 -- 6 speaker(s)
  [400/416] [ok] f2bd93ca-85c2-4e47-b060-2eaabfb93b4d -- 5 speaker(s)
  [401/416] [ok] f2c653f0-20ad-4cb7-bcb9-9dfc8cd4d799 -- 2 speaker(s)
  [402/416] [ok] f3947931-9c8a-45f1-89d3-bcafedda4b8b -- 2 speaker(s)
  [403/416] [ok] f5d39fe1-2b40-41d9-a1e1-fb269a0d0674 -- 10 speaker(s)
  [404/416] [ok] f7b1a335-9644-48d8-b572-9163af82363f -- 5 speaker(s)
  [405/416] [ok] f808353a-ecce-493d-90b7-3f9c20499b3b -- 3 speaker(s)
  [406/416] [ok] f8286b6b-c315-47d2-a32f-acbd3b726f3b -- 6 speaker(s)
  [407/416] [ok] fa0ec6ae-ab71-4e34-aa93-7d254b65c871 -- 7 speaker(s)
  [408/416] [ok] fa2b6ab2-abbe-4cc7-a5df-7bf8e15f8da7 -- 7 speaker(s)
  [409/416] [ok] fa5dccb8-dee0-42d6-b3b8-452ea94dcfea -- 3 speaker(s)
  [410/416] [ok] fa7194f6-023a-4808-8142-4bdc1feb90df -- 4 speaker(s)
  [411/416] [ok] fbec7e2b-ec0b-4f64-8a9b-60abf5b3fa8c -- 7 speaker(s)
  [412/416] [ok] fc915ebb-c20e-48df-a947-8d1474ca2900 -- 3 speaker(s)
  [413/416] [ok] fdf2a099-dab4-40c2-aa94-e57c4e1ca099 -- 3 speaker(s)
  [414/416] [ok] fe2d07a6-e3d3-4814-866c-d2951910258e -- 3 speaker(s)
  [415/416] [ok] fe5670b8-95bf-446b-a6d7-c986bea1c15c -- 6 speaker(s)
  [416/416] [ok] fe6dcf1d-4e1f-448b-9736-1dab5bd11c1e -- 8 speaker(s)

Done. 412 written, 0 already present, 4 failed.

Failures:
  Call1: 404 not found
  Call3: 404 not found
  Call4: 404 not found
  Call5: 404 not found
