Loaded 157 scenario(s), 4605 pair(s).

Response-vs-scenario best-match similarity, non-sink candidates only (4605 pairs):
  p10=0.552  p25=0.598  p50=0.635  p75=0.664  p90=0.688

=== response_only ===
  sink-bound pairs today      : 1865
  rescued to a real scenario  : 764 (41.0%)
  top scenarios absorbing rescued pairs:
    client_requests_operational_visualization: 196
    feasibility_and_implementation_request: 118
    implementation_timeline_feasibility: 108
    application_conversion_flow_discovery: 42
    client_reacts_to_anomaly: 26
    ai_capability_discovery: 23
    media_channel_and_retargeting_discovery: 23
    funnel_quality_optimization_discovery: 20
    pixel_implementation_discovery: 15
    ats_integration_strategy_discussion: 15
  non-sink pairs also changed : 0 / 2740

  20 random rescued pairs:
    [25280] trigger : 'Yeah. So the, start one will work fine, but the finish one might not work fine, is the conclusion. S'
        response: "Yeah. Makes sense, Akansha. But but when we actually launch campaigns, because it's production, right, I would just wanna make sure we're testing that"
        -> implementation_timeline_feasibility (was sink: screen_sharing_checks)
    [25502] trigger : "Maybe as I look over here, it's because I'm taking notes. I'm not double double tasking. I just wann"
        response: "I keep saying that. But, so you mentioned, you know, I have a couple of questions. So probably I'll start off with your first point that you talked ab"
        -> job_board_ecosystem_discovery (was sink: client_note_taking_logistics)
    [23124] trigger : 'Yeah. Cool. We can get started. Grace will either join or not. She might have just let me take it si'
        response: 'Okay. Awesome. So I will just go ahead and share my screen. Heidi, so two parts that I wanted to just talk about and and cover. Right? The the first p'
        -> application_conversion_flow_discovery (was sink: client_directive_agreement)
    [24506] trigger : 'Yeah. Right now, we have, we have an in house built program called Almanac, and that does all of the'
        response: "Okay. Okay. Yeah. I think absolutely, Kelly. Like, at least even for the initial touch point, right, this would be useful. I'm I'm not sure if you've "
        -> client_requests_operational_visualization (was sink: meeting_scheduling_logistics)
    [26035] trigger : "Yeah. I I would say it would, don't think of it as an option. Think of it as, like, mandatory. Like,"
        response: 'Easy enough, and in a sense that at least the applied process. But, you know, as as to how how much we could source, I can I can discuss with our team'
        -> client_emphasizes_simplicity (was sink: client_yields_floor)
    [25851] trigger : 'Hey, Erin. When we were meeting with, like, strategizing about this engineers in the element campaig'
        response: "No. Absolute that that's a great question, and you know, Yelena, I know you've been working with some of our customers in this, but but I can share an"
        -> feasibility_and_implementation_request (was sink: call_logistics_and_scheduling)
    [25382] trigger : "Gotcha. Okay. Let's roll the dice. Let's just see what we get out of this process and see and then m"
        response: "Yep. Correct. I think it's we need to look at it more to your point as candidate perspective or a candidate lens, and the the operations part is secon"
        -> application_conversion_flow_discovery (was sink: client_directive_agreement)
    [24793] trigger : 'So as of now, I have 3 action items on my name. So one is creating these fields in Panama and adding'
        response: "Yep, and action item on our end is we'll confirm if there are any additional fields that need to be created, right, or additional forms that are prese"
        -> client_requests_configuration_change (was sink: asset_and_availability_sharing_logistics)
    [25793] trigger : 'Oh, okay. Yeah. I I started a week before he did, and yeah, I was part of that journey the whole tim'
        response: "He's incredible. Yeah. So Marco now heads it, you know, at CC. This is part of our, you know, partnership as well. So wonderful team to to work with. "
        -> programmatic_maturity_and_intent_discovery (was sink: scheduling_and_timing_chatter)
    [25133] trigger : "Yarden will be joining in a little bit. She's she's actually with one of our regional directors righ"
        response: "Yeah. Absolutely. Panel team, it's it's a pleasure meeting you all. As as Scott was saying, you know, Ashley is, she's you know, her son's having surg"
        -> feasibility_and_implementation_request (was sink: participant_arrival_logistics)
    [26517] trigger : 'No. Because the I have a new salesperson apparently once again. Anyway, so I reached out to them, bu'
        response: "Anyway. Okay. No problem. Yeah. I think that's that's the the last, you know, piece of this, more of the technical aspect. Okay. Anna and Jenna is, An"
        -> data_integration_method_discovery (was sink: participant_arrival_logistics)
    [24232] trigger : "Yeah. I can give notice. I mean, it's a contract rule. So, I mean, I can I don't mind giving notice,"
        response: 'Got it. Okay, and and you know, so as as far as next steps, Brian, is, you know, I, you know, first thoroughly enjoyed this conversation. Right? Yeah.'
        -> client_seeks_process_momentum (was sink: client_yields_floor)
    [25990] trigger : "Yep, and that's what we do right now in our current state. We we do that. Yep. Yes."
        response: "So so that's something that that we all that we already support. Right? Yeah. But the other thing, just painting the honest picture, right, is is also"
        -> job_board_ecosystem_discovery (was sink: client_directive_agreement)
    [23698] trigger : "Ryan Ryan would keep listening in because he's good. Okay."
        response: 'Awesome So I think we can I can kick us off? Chris and and Diana and Ryan, thank you so much again for your time. Right. So we did put an agenda toget'
        -> feasibility_and_implementation_request (was sink: client_generic_acknowledgment)
    [24651] trigger : "That's why Anna Maria has joined. Because I know Sofia. She normally."
        response: 'Probably running late from another meeting, maybe.'
        -> time_constraint_management (was sink: participant_arrival_logistics)
    [23699] trigger : 'Okay. Nice. Yeah. Cool. Yeah. Perfect.'
        response: 'So, yeah, thank you again, you know, team for the introduction. So quick, you know, clarification, maybe housekeeping item, but I just did not want to'
        -> client_requests_operational_visualization (was sink: client_positive_acknowledgment)
    [23478] trigger : 'Support rep for Uber, and then if needed, I engage our tier two support team. Okay. Perfect, and and'
        response: 'What what time zone are you based in, Max? Are are you in the East Coast? Central.'
        -> timezone_operational_alignment (was sink: participant_arrival_logistics)
    [26696] trigger : "I will say that something that, I'm just gonna say the words whether it's this is the right time or "
        response: "Yep. Noted. Hi, and then this this call out is is very much noted, and and we'll make sure to, you know, double down on this when we're talking throug"
        -> client_segments_requirements (was sink: meeting_recording_logistics)
    [24453] trigger : "Yeah. Yeah. I mean, that's, like, total all in. So that would include the whatever incentives that w"
        response: "Okay. Sounds good. Okay. Awesome. So no. This has been a great conversation, Alex. So, you know, what I'd love to do is, you know, have you speak to a"
        -> feasibility_and_implementation_request (was sink: client_generic_confirmation)
    [26180] trigger : 'So when it comes to that, I think Austin and Malika are gonna be. Okay. Your people. I know a bit ab'
        response: 'Alternate. Yeah, and and just on Indeed apply, so, Austin, for your context, like, when we refer to Indeed apply or any of the other, like, job boards'
        -> application_conversion_flow_discovery (was sink: client_logistics_and_fillers)

  10 random pairs still in a sink (near-miss check):
    [24229] trigger : 'Like, $1.20? $1.15, $1.20? He did mention that you guys have, like, like, some kind of stock option '
        response: 'The original budget that we had for the role is quite candidly, Brian, and then when as we go, like, of course, there are a few parts to our incentive'
        -> stays in client_thinking_fillers
    [25767] trigger : "Are you working from home or at office? I'm at today, and it's, it's really rainy outside, which is "
        response: "Hi, Mikhail. Good morning. Hello. How's it going?"
        -> stays in client_small_talk_weather
    [23804] trigger : "Yeah. No. No. That's that. That's all that's all good, man. Yeah. Yeah."
        response: "Yep. I'll I'll even keep the same formatting and stuff, like, even if that's that's yoke. Right? It it still shows that, okay, that that was your clie"
        -> stays in client_generic_acknowledgment
    [23610] trigger : 'Okay. That sounds good. Okay. Perfect.'
        response: 'I I just had if we have time, Cindy, I just had if we could use the next 5 to 7 minutes, I just, would love to just walk you through the deck that we '
        -> stays in client_generic_acknowledgment
    [25901] trigger : "Yeah. Perfect. I think that sounds good, and then if there's any of your documentation that you can "
        response: 'Thank you. Yeah. Perfect. The next one was, my okay. So I think this I got confused. I remember Monica asking me if we do support multi language at so'
        -> stays in client_generic_acknowledgment
    [26978] trigger : "Oh, sorry. I'm just talking out loud. I I mean, I think it's a valid call out, but at the same time,"
        response: 'Perfect. Yeah. Absolutely. So we we can certainly move much faster on some of these elements, Marie, but but still just have that for for their readin'
        -> stays in conversational_fillers_task_completion
    [23832] trigger : "Okay. So that's a good point. So with the hosted jobs, are you all able to host those within the Jov"
        response: 'No. We can host it on the Jovio Indeed account as well, Grace. I I think we just kept it to the old one because I remember you and Heidi saying that, '
        -> stays in joveo_entity_reference
    [26058] trigger : "Sorry about that. It's, I I think it cut out right after you said, we were waiting for Vinod. I'm I'"
        response: "Yeah. So, yeah. No. I I was just saying sorry. I I think my Internet's a little slow today. Right, but, you know, I I was saying that, yeah, Benoit is"
        -> stays in client_conversational_apologies
    [26748] trigger : "Yeah. It's just it's been a lit and from your guys' side too, it's been a bit a little bit longer th"
        response: "No. Thank you very much, Jen, for for seeing that, and and you know, I've, you know, also been catching up with with the team and and also keep an eye"
        -> stays in client_closing_thanks
    [25801] trigger : "Well, I am mindful of time. I know we're over a minute, so I want to, I think I mean, we spent a goo"
        response: "No. Thank you very much, and and I do have another call to hop to, but this has been amazing, Shannon. Just in terms of next steps, of course, you're "
        -> stays in scheduling_and_followup_chatter

=== or_rule ===
  sink-bound pairs today      : 1865
  rescued to a real scenario  : 736 (39.5%)
  top scenarios absorbing rescued pairs:
    client_requests_operational_visualization: 183
    feasibility_and_implementation_request: 113
    implementation_timeline_feasibility: 105
    application_conversion_flow_discovery: 41
    client_reacts_to_anomaly: 26
    ai_capability_discovery: 23
    media_channel_and_retargeting_discovery: 23
    funnel_quality_optimization_discovery: 20
    pixel_implementation_discovery: 15
    ats_integration_strategy_discussion: 14
  non-sink pairs also changed : 1147 / 2740

  20 random rescued pairs:
    [25359] trigger : "Absolutely. I think they have been in touch already with the Oracle team. We'll organize that, acces"
        response: "Perfect. Okay. Awesome, and and you know, I I think that's the first step so that, you know, Jovio can go ahead and and share that. So sorry. Oracle c"
        -> feasibility_and_implementation_request (was sink: participant_arrival_logistics)
    [25591] trigger : "But that's probably where the reluctancy comes from is that it's like, you know, that's my idea behi"
        response: "Yep. No. I completely understand that. Well, like you said, we're worlds apart, from what Equest does. Right, you know, there's you know, Equest is pr"
        -> client_requests_operational_visualization (was sink: client_thinking_fillers)
    [23135] trigger : 'Yeah. Yeah. You can yeah. You could send both, the full video and the clip video. Just name them app'
        response: 'Yep. So so both works for us as well. Perfect. I I think from from this aspect, we should be good, Jenna and Anna, once we get the assets. Right? So s'
        -> feasibility_and_implementation_request (was sink: client_yields_floor)
    [24559] trigger : "Let's do let's do 4PM central tomorrow. So send everything to that. I'll read everything, then we'll"
        response: 'Yeah. The the other part is also, Hola, that Indeed has, you know, a a process. Right? They they actually have an approval process. Right? Even though'
        -> feasibility_and_implementation_request (was sink: client_directive_agreement)
    [26170] trigger : "I'm more than happy to share them and if you would like to talk to them also. As a fellow TO leader,"
        response: "Yeah. Yeah. Absolutely. So I think, Neha and Philip, you've probably had a chance to read through it. So maybe what we can do is get into two question"
        -> ai_capability_discovery (was sink: client_yields_floor)
    [25993] trigger : "Talent experience and and all of that. Okay. That's what I thought, and that's within Avianca. That'"
        response: "Okay, and this is probably Or I Oh, I'm sorry. Go ahead, Norin. Sorry. Just probably to add to that, Julie, it's that's one of the elements and of cou"
        -> application_conversion_flow_discovery (was sink: client_location_disclosure)
    [25502] trigger : "Maybe as I look over here, it's because I'm taking notes. I'm not double double tasking. I just wann"
        response: "I keep saying that. But, so you mentioned, you know, I have a couple of questions. So probably I'll start off with your first point that you talked ab"
        -> job_board_ecosystem_discovery (was sink: client_note_taking_logistics)
    [24868] trigger : 'Yeah. I had a peak for the first performance, kind of, we were looking at it, like, more intentional'
        response: 'Yep. Yep. Absolutely, Katrina, and then we can probably jump right right into it. So, you know, Jill, I think it will bring up the the just the data a'
        -> programmatic_maturity_and_intent_discovery (was sink: joveo_entity_reference)
    [25940] trigger : "To know. My daughter's literally named Lennon. So just come back if India answers the rolling stone."
        response: "Yeah. So but as you can see, that that's just to show you how it brings it back into the context of, you know, just job search and recruitment. But at"
        -> ai_capability_discovery (was sink: client_note_taking_logistics)
    [25190] trigger : "Yeah. It's because, I mean, I I guess back from the days of of career builder trying to give me repo"
        response: 'So at at this point, just one one question maybe, you know, Brent, to you or maybe to the rest of the team as well is is, you know, your, you know, cu'
        -> feasibility_and_implementation_request (was sink: vague_general_references)
    [26636] trigger : "Sure. I'm Danny Ollier. Been with Worldpac for about two and a half months. Background in, talent ac"
        response: 'Awesome. Thank you so much again for your time, Danny. Two and a half months, and I assume that, you know, there are a lot of things going on. So than'
        -> feasibility_and_implementation_request (was sink: client_yields_floor)
    [24314] trigger : "Can we start with the feedback and we're an and like, a customer example?"
        response: "Yeah. Absolutely. So the feedback aspect, so we've been working with Philip on this, Alice. So, of course, the analytics, you know, as as we stated to"
        -> feasibility_and_implementation_request (was sink: client_feedback_mentions)
    [26124] trigger : "And if you just send us an email, I'm sure one of us can log in, make sure we can see it in there. T"
        response: 'Yes. Correct. So so when we send you the test application, we will also, you know, just few bullet points of what, you know, we would just need this h'
        -> testing_environment_and_validation_discovery (was sink: client_logistics_and_fillers)
    [23716] trigger : "Yeah, and it's getting them together. Yeah. That was what I Slacked about earlier today. We're worki"
        response: "Awesome and and then the same goes as far as the success metrics also go. I we we will document that on the success plan, but the last time we'd spoke"
        -> client_reports_low_volume_or_activity (was sink: client_directive_agreement)
    [24721] trigger : "Yeah. Yeah. I'll let you know so that once you send that to me all."
        response: 'Perfect. Yeah. Will do. The next piece was just, about the incrementality test. One, I know that you had some feedback on just some clarifications on '
        -> implementation_timeline_feasibility (was sink: client_logistics_and_fillers)
    [23718] trigger : "No. Okay. But we don't wanna send over a lot Yeah. Because then they have to do more work. Yeah. Mak"
        response: "Awesome And I'm assuming you you you guys have some kind of, you know, prequalifying step or or candidate engagement that that happens where you're fl"
        -> client_requests_operational_visualization (was sink: conversational_acknowledgments)
    [23483] trigger : "Us page, you're you're saying more of, like, a culture page versus, like, a culture page. Yeah."
        response: 'Yeah. Correct. About the culture or you know, just just anything more of you know, that could help candidates, you know, understand and resonate where'
        -> niche_role_and_careers_site_discovery (was sink: client_general_comparisons)
    [26855] trigger : 'I I can bring it up. David. Yeah. Mary, do you wanna go ahead?'
        response: 'Yeah. Yeah. I sorry. I I just realized I was talking on mute, for a while. So, Christina and David, we essentially if you remember, we provided a Java'
        -> pixel_implementation_discovery (was sink: client_directive_agreement)
    [24519] trigger : "So it's like, well, we've gotta figure out, you know because even if I pilot, say, well, it's $2 or "
        response: "Yep. Yep. Absolutely. Yeah, and and that's where I think step one is if you can give us those roles and and then kind of look at those and get an unde"
        -> ai_capability_discovery (was sink: client_acknowledges_understanding)
    [26298] trigger : "Yeah. That's good. I'm hoping to get it fast tracked because this is part of, like, the overall, lik"
        response: "Okay. Perfect. So we can jump right into the workbook, Philip, or you know, Prateek, just to check with you, did you know, did we'll just walk through"
        -> implementation_timeline_feasibility (was sink: client_status_update_chatter)

  10 random pairs still in a sink (near-miss check):
    [24165] trigger : "No. That makes sense. It it makes it makes complete sense, and I think, let's let's jump to the dash"
        response: 'Yep. Yep. Awesome. So just extending that thought, of that that yeah. As it went talked about, Noah, which, you know, is is what you see here is is un'
        -> stays in client_acknowledges_understanding
    [25693] trigger : 'They would allow you to post jobs on our behalf, and the candidates would be routed through Jovio to'
        response: 'Yes. Not even just Jovio. So when I mean third party, not Jovio, I mean more ORC, like, third party sites. Right? Like, usually, Napri has two workflo'
        -> stays in joveo_entity_reference
    [23786] trigger : "I I think she yeah. I'm like, we don't have to show her all this. Right? But and we can show her the"
        response: 'Yeah. I I think this makes more sense, Paul.'
        -> stays in client_generic_confirmation
    [23584] trigger : "Yeah. Yeah. Let let let's do it. Let's do one thing. Just give me a one pager of what you see right "
        response: 'Alright. Alright. Thank you, Naveen. Appreciate your name. Bye bye. You too. Bye.'
        -> stays in client_directive_agreement
    [25853] trigger : 'But thank you so much again for all your time, all your effort, and just for your, close partnership'
        response: "Thank you so much. Yeah, and I and I hope you all enjoy your on site as well. It's always good to get together physically, and and so, you know, III h"
        -> stays in client_expresses_agreement
    [26922] trigger : "Happy Friday. Yeah. I'm glad it's Friday. Yeah."
        response: "Yeah. The the the on site, Marie, is it like, you know, like, a physical on site that that you're all getting together?"
        -> stays in client_positive_acknowledgment
    [23803] trigger : "If you wanna if you wanna make it into and then give, yeah, just the the return. Right? That's gonna"
        response: "Yeah, and then the I'll I'll get take take those slides in the return. I just didn't know that was MHA specific. So Yeah."
        -> stays in client_directive_agreement
    [26008] trigger : "Yeah. You so with the enterprise agreement, you don't have to that's the beauty of it. You don't hav"
        response: "Correct. If if if you have the enterprise agreement. I'm I'm saying if if you choose to go."
        -> stays in client_expresses_agreement
    [26633] trigger : 'Yes. We have a cookie banner already on the ORC. Is it gonna be the same logic as.'
        response: 'Like, a default opt out for Europe? Like so the cookie banner in the you, on the Uber carrier site was that the pixel itself will not fire. Right? If '
        -> stays in conversational_confirmation_and_fillers
    [25727] trigger : 'Cool. Awesome. Sounds good. Thank you. This looks great. Thanks. All the work on this.'
        response: 'Thank you, Heidi. Thank you, Heidi. Awesome. You have a good rest of your day.'
        -> stays in client_positive_acknowledgment

=== blended ===
  sink-bound pairs today      : 1865
  rescued to a real scenario  : 418 (22.4%)
  top scenarios absorbing rescued pairs:
    feasibility_and_implementation_request: 99
    client_requests_operational_visualization: 96
    implementation_timeline_feasibility: 70
    client_reacts_to_anomaly: 18
    application_conversion_flow_discovery: 12
    media_channel_and_retargeting_discovery: 10
    client_expresses_curiosity_or_interest: 10
    client_requests_configuration_change: 7
    ai_capability_discovery: 6
    client_validates_proposed_scenario: 6
  non-sink pairs also changed : 1305 / 2740

  20 random rescued pairs:
    [25243] trigger : 'You guys have the agents already working for you from a the that kind of standpoint?'
        response: "Yeah. Yeah. It's it's agents. So we've think of it as we're we're definitely looking to graduate to the agents level, but today, we already have a lot"
        -> ai_capability_discovery (was sink: conversational_confirmation_and_fillers)
    [27089] trigger : 'Let them go do what they do. So okay. The next part I need to communicate discussing community, you '
        response: 'Yeah. So when we set up these campaigns on our platform, Travis, we can still allocate specific budgets to your regions. Right? So in in our follow up'
        -> client_requests_operational_visualization (was sink: client_yields_floor)
    [25366] trigger : 'Okay. So, James, in terms of advanced preparation from our side, what can we start do you have a kin'
        response: 'Yes. I I can take that, Jenny. Yes. Okay. So we will have what we call as a project plan. Right, we can provide access to, you know, all all the team '
        -> feasibility_and_implementation_request (was sink: client_checks_for_remaining_questions)
    [23159] trigger : 'So if I if I post, if I post any job and that is interface through to Jovio, so you are saying that,'
        response: "That that's what I'm saying. They have a they have access to a dashboard. Right? So the integration for us."
        -> ats_compatibility_and_migration_discovery (was sink: screen_sharing_checks)
    [24438] trigger : "The first question is right. If the client is saying, like, we're not getting enough qualified leads"
        response: "Got it, and then how involved were you in those discussions with, like, let's say, ATSs and integrations? Like, what was your role and and involvement"
        -> pixel_implementation_discovery (was sink: conversational_question_signaling)
    [25814] trigger : 'Cool. Thanks for arranging this festival. Appreciate that. We had that call in on Friday, but I just'
        response: "No. We're we're so we double checked it. It looks like the so just to, clarify, Lucy, you're referring to the point where Keith was not able to like, "
        -> client_requests_operational_visualization (was sink: scheduling_and_timing_chatter)
    [25633] trigger : 'Okay. So follow up there. Follow up on the titles. We would just need that, and then k. I think thos'
        response: 'Yeah. The ideal way, Cindy, is is I I understand they probably wanna test this out and see how it works with Jovio. Right? The ideal way is that they '
        -> client_requests_operational_visualization (was sink: participant_arrival_logistics)
    [25303] trigger : "And then what's the best process to reading this data? Like, should I be clicking like, how should I"
        response: "When you're looking at this data, Chris, so number one is we're gonna be this is this is already being managed on our end. Right? Like and and we're g"
        -> client_requests_operational_visualization (was sink: client_filler_thinking)
    [27271] trigger : "Yes. So given that they're given that most of their language requirements would be English, it would"
        response: 'Okay. Understood. Okay, and and would this be for a particular skill intersection? Ishraj, is this gonna be, like, math experts? Would be for domains.'
        -> feasibility_and_implementation_request (was sink: client_general_comparisons)
    [24723] trigger : "Doc. Doc, and then we'll make a new one, hopefully, for next quarter."
        response: 'Next quarter. Sounds good. Yeah. Lovely. Next one was to drive our UK market level performance. I did it here. Also clarified on our chat that, we run'
        -> implementation_timeline_feasibility (was sink: scheduling_and_followup_chatter)
    [25603] trigger : 'Yeah. I mean, and the way this would work, Narayan, is that if this performance continues, the budge'
        response: 'Sounds good. Awesome. Perfect. Yeah, and obviously, as we add more budget, Israj, like, we will obviously see the cost per activation go up even if it'
        -> client_requests_operational_visualization (was sink: joveo_entity_reference)
    [25100] trigger : "Which we can also Like, if we have a company, it's like, hey. I wanna do a brand campaign. Yes to ge"
        response: "It could be both. It's it's usually tailored towards candidate attraction. Right? Like, where we could even build a landing page, right, that is actua"
        -> media_channel_and_retargeting_discovery (was sink: client_directive_agreement)
    [26170] trigger : "I'm more than happy to share them and if you would like to talk to them also. As a fellow TO leader,"
        response: "Yeah. Yeah. Absolutely. So I think, Neha and Philip, you've probably had a chance to read through it. So maybe what we can do is get into two question"
        -> feasibility_and_implementation_request (was sink: client_yields_floor)
    [24202] trigger : 'That was the intent to get get started with, and at some point, once we have clarity on how, the soc'
        response: "Yes. That's correct. So this is Stefan and Max. Just backing up to our conversation that we had in our kickoff. Right? This of course, to start with, "
        -> feasibility_and_implementation_request (was sink: client_directive_agreement)
    [25789] trigger : "And then from outside so, technically, we've shifted over the order type to Jovio. So if I'm still c"
        response: "Yeah. So I I think it's pretty much, you know, what their existing issues and and things have been, Bavin, right, with respect to their ATS and and so"
        -> implementation_timeline_feasibility (was sink: joveo_entity_reference)
    [23726] trigger : 'Yeah. That was the original conversation that we had had when we were implementing champions group b'
        response: "Okay. So I believe that must have the Adnan, correct me if I'm wrong, but that's not the case. At least, I know I know that when we're doing an easy a"
        -> implementation_timeline_feasibility (was sink: call_initiation_and_transitions)
    [24565] trigger : "Do you mind filling in, Chris, on just where we're at? Because there were some, Chris, there were so"
        response: 'Yeah. I can take that one with us. Yeah. Sure. Two main issues causing a difference. Right? Like, one is if you remember, we spoke about a portion of '
        -> tracking_tag_implementation_friction (was sink: joveo_entity_reference)
    [27081] trigger : "Some of ours do. We are in the process of coming over completely to Hailey's job board. Okay. It the"
        response: "Okay. Awesome, and and maybe one of the things that would be helpful as a takeaway, and we'll summarize this and recap this on an email as well, Travi"
        -> client_requests_operational_visualization (was sink: participant_arrival_logistics)
    [23468] trigger : "I I get all that, but equally, you have one person, and when that one person's on leave, your entire"
        response: "Yeah. No. That so I I think one person on leave is is probably not the wrong way to look at it, Jenny. That that's not the."
        -> client_capacity_seasonal_constraints (was sink: participant_arrival_logistics)
    [26368] trigger : "All well. Awesome. Amazing. I don't know. I think the output is in the last field, so we're good her"
        response: "Yep. That's totally fine, Suraj. I think my main objective was I know you and I were chatting. So Yeah. I think just getting on the call helps as well"
        -> feasibility_and_implementation_request (was sink: client_expresses_enthusiasm)

  10 random pairs still in a sink (near-miss check):
    [24597] trigger : 'One We we replicate the individual. Yeah. One campaign. One one campaign.'
        response: "So either one of those completely automated fashion, and there's nothing else we do from them. But even then it's $2,000. Right? 2,000 platform fee?"
        -> stays in client_directive_agreement
    [26471] trigger : "Awesome. So I think, I'll just stop sharing and let, this group, maybe ask if there are any question"
        response: "Nope. I think we're good, Patrick. Awesome. Thank you, everyone."
        -> stays in client_yields_floor
    [27491] trigger : "Yeah, and I I I'll I'll say this to the to Heidi's point. I think right now, we need to be putting t"
        response: "Yep. Yep. Sounds good. Okay. So I think actions just to I I know because we're we're a little over time as well. Yeah. Edwin is one is you you will se"
        -> stays in call_initiation_and_transitions
    [26898] trigger : "I've never used Slack before, but it can't be that different than any other channel that we've used "
        response: "Okay. Got it. Yeah. So so we can definitely do, we we can set up a Slack instance. So the way we'll set it up is we'll have a shared channel, between "
        -> stays in meeting_chat_logistics
    [23870] trigger : 'Even if, like, your thank you for submitting is a pop up and then it, like, it leaves. So, like, if '
        response: "Yeah. Just one quick update. Just speaking of, you know, just the the forms and and just submissions. Chris and Heidi is we've been making good progre"
        -> stays in client_feedback_mentions
    [25050] trigger : "It's like, it makes Linkedin look cheap. Right? Right. The company."
        response: "Yeah, and then they're not easy to work with, right Yes. By means. So we we actually have interesting partnerships of providers in Japan that that can"
        -> stays in client_brief_confirmation
    [23550] trigger : "It's definitely that's definitely for the larger team call for sure where Steven and Ian and Eric ar"
        response: 'Okay. Yeah. Alright. So I think what might be good maybe that we can take away as an action item, Allison, on our end as well is is probably aligned w'
        -> stays in participant_arrival_logistics
    [23410] trigger : "Yeah. Period. Exactly. That's what I've seen all over Tiktok where, like, second time parents are li"
        response: "Yeah, and I but there's also this trending. Right? Like, why is your first baby is, like, your angel baby and the second one's, like, a wild one? Oh m"
        -> stays in client_logistics_and_fillers
    [27343] trigger : "It. Till he joins, can you just also give me some context on what exactly you're running right now i"
        response: "So currently, it's combined with The US campaign, Pram. We used to run more stand alone campaigns in India, like Hyperion and the front end coders and"
        -> stays in participant_arrival_logistics
    [25215] trigger : "Guys, you know, let's get let and that way, I can also get a commitment that for the next 3 weeks, I"
        response: 'You know, this, like, in a more cleaner fashion. Right? Exactly.'
        -> stays in client_directive_agreement
