C:\PF\Joveo\CS-platform\.venv\Lib\site-packages\umap\umap_.py:1952: UserWarning: n_jobs value 1 overridden to 1 by setting random_state. Use no seed for parallelism.
  warn(
Loaded 157 scenario(s), 4605 pair(s), 416 call(s).
Embedding 4605 response(s) via embed_document (warm cache expected)...
min_cluster_size: 25
Clustering (UMAP n_components<=5, cosine -> HDBSCAN)...
  (0 cluster(s) skipped by the purity gate -- one coachable scenario already dominates.)
Adjudicating 15 cluster(s) in 3 batched Gemma call(s)...
[gemma] Transient error on gemma-4-31b-it (attempt 1). Waiting 2s...
[gemma] Transient error on gemma-4-31b-it (attempt 2). Waiting 4s...
[gemma] Transient error on gemma-4-31b-it (attempt 3). Waiting 8s...
[gemma] Transient error on gemma-4-31b-it (attempt 4). Waiting 16s...
[gemma] gemma-4-31b-it hit a rate/quota limit. Escalating to next model/key...
  batch 1/3: 5 verdict(s) so far
[gemma] gemma-4-31b-it hit a rate/quota limit. Escalating to next model/key...
  batch 2/3: 10 verdict(s) so far
[gemma] Transient error on gemma-4-31b-it (attempt 1). Waiting 2s...
  batch 3/3: 15 verdict(s) so far

Persisted to dry_run_response_taxonomy.json -- re-report for free with --load dry_run_response_taxonomy.json

==============================================================================
CORPUS-WIDE RESPONSE TAXONOMY REPORT
==============================================================================
  total pairs clustered            : 4605
  clusters found                    : 15
  purity-gated (skipped)            : 0
  sent to adjudication               : 15

  nearest_coachable_sim distribution (validates merge_cosine_threshold=0.85):
    p10=0.649  p25=0.703  p50=0.717  p75=0.740  p90=0.756

  Three-way verdict tally:
    belongs_to_existing     11 cluster(s)
    genuine_sink             3 cluster(s)
    new_coachable_topic      1 cluster(s)

  new_coachable_topic clusters (compare against the 2 already known -- strategic_performance_consulting, technical_operational_alignment): 1
    cluster_6: expert_led_discovery_and_context_setting
