Parsed 416 transcript(s), 49229 turns.
CLIENT clause pool: 73771 clauses. Embedding...
[embedder] Loading local model BAAI/bge-base-en-v1.5 on cuda...
Loading weights:   0%|          | 0/199 [00:00<?, ?it/s]Loading weights: 100%|██████████| 199/199 [00:00<00:00, 4526.00it/s]
2026-07-27 21:39:20,342 - BERTopic - Dimensionality - Fitting the dimensionality reduction algorithm
2026-07-27 21:40:42,091 - BERTopic - Dimensionality - Completed ✓
2026-07-27 21:40:42,092 - BERTopic - Cluster - Start clustering the reduced embeddings
2026-07-27 21:40:47,102 - BERTopic - Cluster - Completed ✓
2026-07-27 21:40:47,116 - BERTopic - Representation - Fine-tuning topics using representation models.
2026-07-27 21:40:48,105 - BERTopic - Representation - Completed ✓

BERTopic: 226 raw cluster(s), 34720 outlier clause(s).

==============================================================================
MERGE >= 0.70: 226 raw -> 26 groups (19 multi-member, absorbing 219 raw clusters)
==============================================================================
  [118 raw -> 1]  21421 clauses, 395 calls (95% coverage)
      - budget, spend, spending, money, month
          11 and up 8.
      - calls, reach, calling, jump, tomorrow
          She has a call today on Indeed, please.
      - conversation, talk, conversations, talking, discussion
          I don't I would have to clarify what that I think that was more candid
      - look, looking, look look, looked, seen
          Anybody see it at the moment?
      - question, ask, questions, curious, ask question
          So I'm conscious that rather than asking a 100 questions after the mee
      - campaigns, campaign, media, ads, ad
          So a media campaign that will go we'll be posting our job roles across
      - sales, manager, team, director, talent
          So I am leading from a recruitment marketing and attraction side at Re
      - think think, thinking, think, think yeah, yeah think
          I'm thinking now.
      - api, apis, ras, sandbox, ras report
          Apollo sends has a direct API integration with Indeed, and that's wher
      - send, slack, sent, ill send, send send
          So Let me, I'll just get a message.
      - right, thats thats, thats, did, thats doing
          But we we're on it.
      - ways, things, couple things, theres, pieces
          So there's kinda two parts.
      - email, emails, send email, email just, send
          Noran, could you do me a favor and maybe just email across the points 
      - data, report, information, data data, lot data
          I I've worked with Lee Fair for multiple months now, so he's he's awar
      - share, shared, sheet, documentation, copy
          Just to now have gone through the document, which has been shared earl
      - walk, able, make happen, like able, clip
          Can we do, like, a two phase and get that done, and then because here'
      - know know, familiar, familiar know, know, im familiar
          We we know about it.
      - check, double check, double, ill check, list
          Just wanted to check internally in the system level, how it works in t
      - thats thats, thats, thats thing, yeah thats, thing
          That's what.
      - applications, applicants, 10, 20, slots
          You know, like, 3,400 jobs, like.
      - pixel, pixels, image, fired, javascript
          We wanted to add a pixel into the ATS to then be able to track how man
      - programmatic, advertising, programmatic advertising, programmatic media, display
          So our agency, there are programmatic SMAs, and order for them to put 
      - covered, covers, think covers, everybody, think covered
          Everyone has a deck on this thing.
      - like like, just like, like, like just, things like
          So it's like.
      - hashtag, hashtags, sponsored, linkedin, direct
          If you're investing in limited channels, you could be stuck in a situa
      - helpful, help, really helpful, thatd, interested
          I think it'd just be helpful to understand exactly what is required.
      - dashboard, analytics, tracking, track, unified analytics
          I don't know about Marie, but I've got, like, all these trackers, and 
      - ai, like ai, using ai, ai ai, use ai
          I asked a question on our AI team, so that's our responsible.
      - aperture, broadbean, broadbeam, integration, use aperture
          In fact, we use Broadbean in EMEA as well.
      - ats, atss, ats ats, dayforce, ats integration
          Right now, we mainly get our candidates from Indeed, for an ATS system
      - start, started, lets start, starting, kick
          Do you wanna go first?
      - team, teams, team team, know team, thats team
          They know he knows the team very well now, and kind of what assessment
      - landing, landing page, page, landing pages, pages
          It's just like a landing page, really.
      - fields, field, custom, custom field, custom fields
          So I have gone through this document, and I found, there are 11, manda
      - gonna say, saying, youre saying, say, im trying
          What do you say?
      - recruiters, smart, smart recruiters, recruiter, hired
          So they started adding me, and in the way, addressing competitors, we 
      - website, page, pages, website like, page like
          The question is, how do you wanna do this for Infinite being that they
      - integration, workflow, integrations, workflows, integrate
          It's essentially once we go into the apply process where the integrati
      - boards, job boards, job board, board, job
          So it's essentially, I guess what we would call, like, kind of a progr
      - id, candidate id, job id, candidate, profile
          Share your ID?
      - update, updated, updates, posted, just update
          But, no, I should have an update on, on next steps.
      - similar, exact, exactly, thing, like similar
          That's similar.
      - cost, cost application, cost hire, application, hire
          So as you can tell from the overall cost per hire perspective, if we d
      - client, clients, client client, clients know, know client
          I use a client.
      - linkedin, linkedin linkedin, like linkedin, linkedin contract, contract
          We'll use Linkedin a little bit, but that's more so for our back offic
      - possible, thats possible, does, think does, pretty standard
          Whatever it takes.
      - questions, questions questions, cover, need aware, aware
          Okay, and what sent me any questions that pop up?
      - hey, say hey, like hey, hey say, hey hey
          At least hey.
      - able, able yeah, advocate, definitely, probably
          So they said, do what you can.
      - easy, simple, easier, straightforward, simpler
          That's simpler.
      - ill ill, let, ill, ill let, let ill
          So, yeah, just just please bear with us.
      - career, career site, site, career sites, careers
          So how we're gonna how we're gonna create a career site for them?
      - crm, like crm, crms, crm know, crm like
          We are buying a CRM.
      - continue, forward, fast, moving, moving forward
          To be continued.
      - hear, listen, heard, hear hear, hearing
          I like what you're saying.
      - partnership, partner, partners, strategic, partnering
          Is that, like, part of the partnership strategy?
      - let know, let, know let, just let, ill let
          But if if anything changes, I'll let you know.
      - little bit, little, bit, just little, bit little
          A little bit.
      - apply, quick apply, apply start, click, click apply
          Let's start with upload jobs, all upload jobs.
      - notes, note, taker, note taker, make note
          Like sticky notes?
      - better, better better, efficient, thats better, getting better
          I want it to be better.
      - appcast, bayard, bayard appcast, appcast know, appcast like
          So like this, when Infinitecare calls up Yonah or whoever it is and sa
      - test, testing, test like, tested, ab
          Can we, can we test it in production, or we need to have, you know, a 
      - nurse, nurses, nursing, health, registered
          Nursing is more across the board, but specifically in those in in Sout
      - look like, does look, looks like, look, looks
          It looks like.
      - veterinarian, veterinarians, banfield, vet, veterinary
          It's like, you know, why have a career set at all?
      - need, need need, gotta, gotta gotta, gonna need
          I know we need to go through things.
      - does work, does, work does, work, work like
          How does it work?
      - got got, got, like got, got im, oh got
          Got it, and and things like that.
      - works, does work, works works, work, jerry
          That works best.
      - important, thats important, think important, important important, really important
          I think this is important, in terms of, like, preparing for these to l
      - link, url, click, click click, link click
          Well, see, and then I click on there's nothing in this folder.
      - add, just add, added, add add, add just
          If you're just if you're just adding a match.
      - thats thing, thing, thats thats, thing thats, thats
          I guess the only other thing is, like, so my style has been very hands
      - figure, make sure, sure, wanna make, make
          We had to figure out.
      - onboarding, onboarding journey, onboarding process, journey, onboarding flow
          So now how many onboarding completions do you have excluding fraud?
      - whats, whats whats, called, menu, think called
          What is that in the landscape?
      - helpful, helpful thats, thats helpful, really helpful, super helpful
          It certainly helps.
      - build, set, built, need build, hierarchy
          Like, its own you you would work off this.
      - low, limitation, smaller, limitations, small
          They they are much less.
      - uber, like uber, uber app, app, drivers
          Do you know who from the Uber side on the performance marketing team v
      - lot, theres lot, lot lot, lot people, lot theres
          It's a lot of the stuff that, Radacy is trying to put out there.
      - ziprecruiter, zip, like ziprecruiter, know ziprecruiter, zipapply
          Accelerate is what it's called, and then Indeed and Ziprecruiter are a
      - thats awesome, awesome, lets lets, awesome lets, lets thats
          Let's see.
      - assumption, assume, assuming, im assuming, say
          I would assume that's for that.
      - join, joining, joined, gonna join, carrie
          My supervisor should be joining.
      - funnel, funnel tracking, tracking, attribution, middle funnel
          So you're leveraging only organic Adsona source.
      - transparent, rfp, transparency, just transparent, know transparency
          We had a RFP.
      - job description, description, job, job title, title
          This is simply just job specific information.
      - oracle, oracle oracle, like oracle, cloud, recruiting cloud
          And, you know, like, when it comes to any sort of blockers you'd run i
      - clarify, understand, understand just, explain, just wanted
          I have, like, a very, very, very high level understanding, and so if y
      - brand, brands, companies, brand awareness, managed service
          Versus, like, you know, just supporting a company that's only corporat
      - lets lets, lets, let lets, lets let, lets just
          So let's let's.
      - happens, let, presentation just, ill, shall
          Show them the Infinitecare one.
      - customers, customer, problem statements, framework, approach
          So first and foremost, the first bullet point I have after talking to 
      - heidi, caitlin, updated task, heidi grace, kim kelsey
          But, Heidi, there is a, like, MBH Mars level.
      - fix, fixed, gonna fix, fix just, fix problem
          They brought me in to fix it.
      - optimize, metric, metrics, metric like, optimizing
          Yep, and I think when you're asking these questions, how you measure q
      - pull, let pull, just pull, pull let, pulling
          So a lot of the, pull it back up one second, and I I can't get probabl
      - automated, automate, automation, manually, doing manually
          Do we do it manually?
      - example, example example, examples, lawyers, example just
          Fountain, for instance.
      - ahead, yeah ahead, let ahead, navin, john
          I know you have more, so I'll let you go ahead.
      - feedback, feedback ive, feedback just, ive gotten, feedback like
          That I appreciate that feedback on the market piece because that, I th
      - google, search, source, paid search, source medium
          Like, that match has a source there, but overall, for other reporting 
      - post, posting, job posting, posted, job
          Would there be a way to kind of place some kind of indicator words or 
      - steps, step, steps think, like steps, step step
          I kind of want to figure out next steps for.
      - priority, prioritize, prioritized, priorities, priority just
          So right now, anything in transportation and nursing, are the highest 
      - quick, real quick, real, quickly, quickly just
          That's why I'll be quick.
      - want, wanna, want want, want wanna, wanna want
          So I wanna take that and do something else with it.
      - roles, role, academic, academic roles, like roles
          This is what it would take for this number of roles over this amount o
      - intros, introduce, intro, quick, introductions
          Do we wanna do, just for everybody's benefits, quick round of intros a
      - understand, understand understand, thats understanding, completely understand, totally understand
          I understand the XML part of it.
      - markets, market, local, markets markets, local markets
          Because there's lots of political, to ins and fro ins in Italy around 
      - screening, screening questions, prescreening, screener, questions
          So, after going back and forth, I said to them, actually, screening sc
      - resume, candidate, candidates, upload, candidate referred
          So it's like a a direct apply, but we've cheated.
      - got, weve got, got got, weve, eng
          We got that.
      - vendors, vendor, different vendors, commercial model, commercial
          And I mean, two vendors, maybe.
      - train, tool, currently guys, truly need, approach stuff
          so so how would you do that?
  [21 raw -> 1]  4737 clauses, 388 calls (93% coverage)
      - months, days, weeks, month, january
          Constantly raining since, January one.
      - week, monday, friday, tuesday, thursday
          And so I won't work Wednesdays.
      - city, country, state, location, city state
          Are you which ZIP code, and boom, and it gives them 3 facilities in th
      - remove, stop, camera, stop sharing, turn
          They're currently on an off site.
      - east, toronto, based, atlanta, im based
          I, I grew up in, in New York, and my partner, she has asthma.
      - year, years, 2026, year year, 2025
          I was there about 3 years of Clubman.
      - im like, shes like, im im, like oh, shes
          I, like, totally I was like, Gabby is, like, up against it.
      - come, ill come, circle, ill, regroup
          The bigger to do list when you come back because, like, everyone's lik
      - feel, feel like, feels, feeling, like feel
          So, yep, that feels like it feels identical, but I don't know.
      - uk, region, canada, dubai, india
          We're communicating with The UK.
      - im gonna, coming, gonna, coming im, gonna im
          It's coming.
      - central, eastern, pacific, 1130, time
          I was like, it's really nice of them to do this at a time that works f
      - weather, cold, warm, snow, raining
          At least the sun's out here in The UK today, which makes a nice change
      - workday, workday workday, workday integration, integration workday, integration
          So it pulls all so, also, I should mention that our our system is Work
      - minutes, hour, half hour, half, 10 minutes
          I got 10 minutes.
      - busy, holidays, pto, holiday, christmas
          I took a break.
      - tomorrow, tomorrow ill, ill try, tomorrow think, meeting tomorrow
          So there's gonna be again, we're speaking to AMS tomorrow.
      - schedule, scheduling, calendar, reschedule, scheduled
          Otherwise, let's let's schedule.
      - im im, im, definitely im, im right, im going
          So that's why I'm here.
      - years, 10 years, 10, half years, half
          I've been with Reckitt for 6 years.
      - drop, gonna drop, drop im, im leaving, leaving
          You fire away.
  [17 raw -> 1]  1807 clauses, 362 calls (87% coverage)
      - great, fantastic, good, great great, great good
          It's a great school for, their advertising program as well as fashion,
      - excited, im excited, exciting, really excited, looking forward
          With all the bells and whistles, as they say, I wanna make them very e
      - sounds good, good sounds, sounds, good, sound good
          That sounds good.
      - good, think good, good think, good good, good spot
          III realized that while all that is good, it's it's the organizing.
      - nice, looks great, looks, thats nice, nice oh
          But this this looks great.
      - love, favorite, love like, like like, like love
          That's the stuff that I like the most.
      - thatd, thatd great, great, great great, amazing
          Oh, that'd be good.
      - good thats, thats good, good, thats, good good
          That's good.
      - cool, cool thats, thats cool, really cool, pretty cool
          Cool, and to be clear, when I'm talking about animations, I'm not talk
      - fun, enjoyed, fun know, kind fun, fun like
          So, yeah, it's always fun.
      - great thats, thats great, great, thats, excellent thats
          That's great.
      - happy, im happy, happy im, happy happy, im
          So I'm happy.
      - perfect, thats perfect, perfect perfect, timing, perfect timing
          That's perfect then Okay.
      - interesting, thats interesting, interesting thats, really interesting, interesting really
          That's a very interesting way of doing it.
      - sounds great, sounds, great, sounds really, good sounds
          Sounds like you're having a great time.
      - im good, good im, good, good good, im
          You know, I try to maintain pretty good boundaries as I've gotten bett
      - doing good, good good, im doing, good doing, good
          I'm doing good.
  [11 raw -> 1]  1767 clauses, 357 calls (86% coverage)
      - okay, fine, like okay, okay okay, okay like
          Exactly, and then if they like it, they will say, okay.
      - yeah yeah, yeah, yes, yep, yes yeah
          It's like, do I get a bachelor's?
      - okay okay, thats okay, okay, okay thats, alright
          Is that okay?
      - thats right, thats correct, correct thats, correct, fair
          That's correct.
      - yeah yeah, yeah, yeah yes, yes yeah, yep yeah
          So, yeah,
      - true, thats true, correct, true thats, correct correct
          That is true.
      - agree, totally agree, 100, totally, agreed
          I totally agree.
      - oh okay, okay oh, okay, oh, okay alright
          Oh, okay.
      - fine thats, thats fine, fine, thats, fine mean
          That's fine.
      - point, point thats, good point, valid, thats valid
          It is a execution point.
      - right right, right, jasmine, right aaron, right isnt
          Is that right?
  [10 raw -> 1]  1539 clauses, 340 calls (82% coverage)
      - dont want, dont wanna, dont, want, wanna
          If I work remotely and to support that, and I don't wanna say reluctan
      - problem, worry, worries, dont worry, issue
          So I have no problem doing that.
      - isnt, wasnt, thats thats, thats, thats know
          It's not services.
      - candidates, applicants, applications, qualified, people
          Most of these people don't have Linkedins.
      - dont need, need, dont, need dont, like dont
          With that, we will not need to con conduct a full DPIA.
      - horrible, worst, sad, fit, awful
          This is not going well.
      - right, right wouldnt, right right, wouldnt, today
          So right now, no.
      - doesnt work, work, work doesnt, doesnt, didnt work
          She's like, no.
      - happen, doesnt, happen gonna, gonna happen, wont
          But for whatever reason, stylistically, that was not the preferred app
      - arent, theyre really, boards dont, arent like, theyre
          It wouldn't be that it's not allowing them to apply, but it's just bas
  [3 raw -> 1]  1155 clauses, 261 calls (63% coverage)
      - jovio, jovia, jovio jovio, jovio team, jovios
          See, I think are we still waiting on Jovio as well?
      - mojo, mojo apply, apply, oracle, mojo play
          Well, I wanted to get I just wanted to hear from Mojo, apply, like, wh
      - ocp, jovio, linkedin, completion, conversion
          The current OCP complete in Tableau isn't accurate.
  [3 raw -> 1]  947 clauses, 308 calls (74% coverage)
      - dont know, dont, know dont, remember, im sure
          I was about to say I can't see anything.
      - havent, havent havent, didnt, ive, dont
          I know we've not covered that just yet.
      - know dont, dont know, dont, know, know idea
          It's super I don't think I know.
  [4 raw -> 1]  925 clauses, 310 calls (75% coverage)
      - appreciate, thank, thanks, thank guys, really appreciate
          I appreciate that, Gabby.
      - thank thank, thank, thank thanks, thanks thank, thanks
          Thank you so much.
      - thanks, thanks thanks, thanks everybody, thanks thank, thank thanks
          Thanks, everyone.
      - thank thank, thank, thanks lot, thank thanks, thanks
          Thank you very much.
  [3 raw -> 1]  836 clauses, 295 calls (71% coverage)
      - hi, thanks, hey, thank, scott
          Hi, Matthew.
      - naren, noreen, narin, hi, noren
          I just sorry, Noren.
      - hey guys, guys hey, hi guys, guys hi, man
          Alright, man.
  [7 raw -> 1]  812 clauses, 290 calls (70% coverage)
      - change, changed, changing, changes, shift
          So there's some big shifts happening here, and I really wanna position
      - hard, challenges, tricky, difficult, challenge
          Having that that's something that's always been a a struggle for us.
      - different, bit different, different different, thats different, different just
          Not to say the product didn't answer to see CS teams, but it was a lit
      - issue, problem, thats problem, problems, issues
          Here is, the particular region and problem that they had.
      - concern, concerned, worried, concerning, im worried
          That's what I was concerned about.
      - depends, depend, dependent, just depends, really depends
          But, yeah, right now, I would say it kinda depends on, what the locati
      - weird, crazy, insane, odd, ridiculous
          Which is which is crazy.
  [3 raw -> 1]  480 clauses, 218 calls (52% coverage)
      - sorry, sorry sorry, oh sorry, im sorry, apologies
          Apologies if it's a silly one.
      - im sorry, sorry im, sorry, im, really sorry
          And I'm really sorry.
      - late, minutes late, late im, bit late, sorry
          He's, like, you're late.
  [4 raw -> 1]  369 clauses, 192 calls (46% coverage)
      - makes, sense, makes sense, sense makes, sense think
          But, I want it to make sense for for both both parties, obviously.
      - sense makes, makes sense, makes, sense, sense like
          That makes sense.
      - reason, reasons, rationale, reason say, thats reason
          For for for reasonable reasons.
      - does make, make sense, sense does, sense, does
          Does that make sense?
  [2 raw -> 1]  284 clauses, 97 calls (23% coverage)
      - chatbot, ai chatbot, like chatbot, chatbot like, ai
          So, like, the chatbot chat box would be helpful, with shortening the a
      - chat, chat ill, drop chat, ping chat, gonna chat
          Like, the one that you pasted on the chat, you can see it's coming.
  [2 raw -> 1]  273 clauses, 160 calls (38% coverage)
      - yeah oh, oh yeah, oh, gosh, oh gosh
          Yes, Libby.
      - oh god, oh oh, god, oh, oh wow
          oh, no.
  [2 raw -> 1]  272 clauses, 180 calls (43% coverage)
      - hows, doing doing, guys doing, doing, doing guys
          But And Laura, how is it going on the questionnaire?
      - treating, victor, duplicates, flight, hello
          How are you?
  ... 4 more multi-member groups (use --show all)

==============================================================================
MERGE >= 0.75: 226 raw -> 66 groups (43 multi-member, absorbing 203 raw clusters)
==============================================================================
  [30 raw -> 1]  5360 clauses, 385 calls (93% coverage)
      - campaigns, campaign, media, ads, ad
          So a media campaign that will go we'll be posting our job roles across
      - sales, manager, team, director, talent
          So I am leading from a recruitment marketing and attraction side at Re
      - api, apis, ras, sandbox, ras report
          Apollo sends has a direct API integration with Indeed, and that's wher
      - data, report, information, data data, lot data
          I I've worked with Lee Fair for multiple months now, so he's he's awar
      - hashtag, hashtags, sponsored, linkedin, direct
          If you're investing in limited channels, you could be stuck in a situa
      - dashboard, analytics, tracking, track, unified analytics
          I don't know about Marie, but I've got, like, all these trackers, and 
      - landing, landing page, page, landing pages, pages
          It's just like a landing page, really.
      - fields, field, custom, custom field, custom fields
          So I have gone through this document, and I found, there are 11, manda
      - recruiters, smart, smart recruiters, recruiter, hired
          So they started adding me, and in the way, addressing competitors, we 
      - website, page, pages, website like, page like
          The question is, how do you wanna do this for Infinite being that they
      - integration, workflow, integrations, workflows, integrate
          It's essentially once we go into the apply process where the integrati
      - boards, job boards, job board, board, job
          So it's essentially, I guess what we would call, like, kind of a progr
      - id, candidate id, job id, candidate, profile
          Share your ID?
      - client, clients, client client, clients know, know client
          I use a client.
      - linkedin, linkedin linkedin, like linkedin, linkedin contract, contract
          We'll use Linkedin a little bit, but that's more so for our back offic
      - career, career site, site, career sites, careers
          So how we're gonna how we're gonna create a career site for them?
      - crm, like crm, crms, crm know, crm like
          We are buying a CRM.
      - partnership, partner, partners, strategic, partnering
          Is that, like, part of the partnership strategy?
      - apply, quick apply, apply start, click, click apply
          Let's start with upload jobs, all upload jobs.
      - veterinarian, veterinarians, banfield, vet, veterinary
          It's like, you know, why have a career set at all?
      - link, url, click, click click, link click
          Well, see, and then I click on there's nothing in this folder.
      - funnel, funnel tracking, tracking, attribution, middle funnel
          So you're leveraging only organic Adsona source.
      - job description, description, job, job title, title
          This is simply just job specific information.
      - brand, brands, companies, brand awareness, managed service
          Versus, like, you know, just supporting a company that's only corporat
      - customers, customer, problem statements, framework, approach
          So first and foremost, the first bullet point I have after talking to 
      - google, search, source, paid search, source medium
          Like, that match has a source there, but overall, for other reporting 
      - post, posting, job posting, posted, job
          Would there be a way to kind of place some kind of indicator words or 
      - markets, market, local, markets markets, local markets
          Because there's lots of political, to ins and fro ins in Italy around 
      - resume, candidate, candidates, upload, candidate referred
          So it's like a a direct apply, but we've cheated.
      - vendors, vendor, different vendors, commercial model, commercial
          And I mean, two vendors, maybe.
  [20 raw -> 1]  4660 clauses, 390 calls (94% coverage)
      - calls, reach, calling, jump, tomorrow
          She has a call today on Indeed, please.
      - conversation, talk, conversations, talking, discussion
          I don't I would have to clarify what that I think that was more candid
      - question, ask, questions, curious, ask question
          So I'm conscious that rather than asking a 100 questions after the mee
      - send, slack, sent, ill send, send send
          So Let me, I'll just get a message.
      - email, emails, send email, email just, send
          Noran, could you do me a favor and maybe just email across the points 
      - share, shared, sheet, documentation, copy
          Just to now have gone through the document, which has been shared earl
      - check, double check, double, ill check, list
          Just wanted to check internally in the system level, how it works in t
      - helpful, help, really helpful, thatd, interested
          I think it'd just be helpful to understand exactly what is required.
      - gonna say, saying, youre saying, say, im trying
          What do you say?
      - hey, say hey, like hey, hey say, hey hey
          At least hey.
      - hear, listen, heard, hear hear, hearing
          I like what you're saying.
      - let know, let, know let, just let, ill let
          But if if anything changes, I'll let you know.
      - notes, note, taker, note taker, make note
          Like sticky notes?
      - add, just add, added, add add, add just
          If you're just if you're just adding a match.
      - helpful, helpful thats, thats helpful, really helpful, super helpful
          It certainly helps.
      - join, joining, joined, gonna join, carrie
          My supervisor should be joining.
      - transparent, rfp, transparency, just transparent, know transparency
          We had a RFP.
      - clarify, understand, understand just, explain, just wanted
          I have, like, a very, very, very high level understanding, and so if y
      - heidi, caitlin, updated task, heidi grace, kim kelsey
          But, Heidi, there is a, like, MBH Mars level.
      - feedback, feedback ive, feedback just, ive gotten, feedback like
          That I appreciate that feedback on the market piece because that, I th
  [4 raw -> 1]  2087 clauses, 316 calls (76% coverage)
      - budget, spend, spending, money, month
          11 and up 8.
      - applications, applicants, 10, 20, slots
          You know, like, 3,400 jobs, like.
      - cost, cost application, cost hire, application, hire
          So as you can tell from the overall cost per hire perspective, if we d
      - lot, theres lot, lot lot, lot people, lot theres
          It's a lot of the stuff that, Radacy is trying to put out there.
  [10 raw -> 1]  1950 clauses, 361 calls (87% coverage)
      - think think, thinking, think, think yeah, yeah think
          I'm thinking now.
      - ways, things, couple things, theres, pieces
          So there's kinda two parts.
      - thats thats, thats, thats thing, yeah thats, thing
          That's what.
      - like like, just like, like, like just, things like
          So it's like.
      - similar, exact, exactly, thing, like similar
          That's similar.
      - possible, thats possible, does, think does, pretty standard
          Whatever it takes.
      - thats thing, thing, thats thats, thing thats, thats
          I guess the only other thing is, like, so my style has been very hands
      - whats, whats whats, called, menu, think called
          What is that in the landscape?
      - assumption, assume, assuming, im assuming, say
          I would assume that's for that.
      - example, example example, examples, lawyers, example just
          Fountain, for instance.
  [8 raw -> 1]  1374 clauses, 334 calls (80% coverage)
      - dont want, dont wanna, dont, want, wanna
          If I work remotely and to support that, and I don't wanna say reluctan
      - problem, worry, worries, dont worry, issue
          So I have no problem doing that.
      - isnt, wasnt, thats thats, thats, thats know
          It's not services.
      - candidates, applicants, applications, qualified, people
          Most of these people don't have Linkedins.
      - dont need, need, dont, need dont, like dont
          With that, we will not need to con conduct a full DPIA.
      - right, right wouldnt, right right, wouldnt, today
          So right now, no.
      - happen, doesnt, happen gonna, gonna happen, wont
          But for whatever reason, stylistically, that was not the preferred app
      - arent, theyre really, boards dont, arent like, theyre
          It wouldn't be that it's not allowing them to apply, but it's just bas
  [3 raw -> 1]  1264 clauses, 313 calls (75% coverage)
      - months, days, weeks, month, january
          Constantly raining since, January one.
      - year, years, 2026, year year, 2025
          I was there about 3 years of Clubman.
      - years, 10 years, 10, half years, half
          I've been with Reckitt for 6 years.
  [10 raw -> 1]  1261 clauses, 336 calls (81% coverage)
      - right, thats thats, thats, did, thats doing
          But we we're on it.
      - covered, covers, think covers, everybody, think covered
          Everyone has a deck on this thing.
      - test, testing, test like, tested, ab
          Can we, can we test it in production, or we need to have, you know, a 
      - need, need need, gotta, gotta gotta, gonna need
          I know we need to go through things.
      - important, thats important, think important, important important, really important
          I think this is important, in terms of, like, preparing for these to l
      - figure, make sure, sure, wanna make, make
          We had to figure out.
      - build, set, built, need build, hierarchy
          Like, its own you you would work off this.
      - priority, prioritize, prioritized, priorities, priority just
          So right now, anything in transportation and nursing, are the highest 
      - screening, screening questions, prescreening, screener, questions
          So, after going back and forth, I said to them, actually, screening sc
      - got, weve got, got got, weve, eng
          We got that.
  [5 raw -> 1]  1253 clauses, 319 calls (77% coverage)
      - week, monday, friday, tuesday, thursday
          And so I won't work Wednesdays.
      - central, eastern, pacific, 1130, time
          I was like, it's really nice of them to do this at a time that works f
      - minutes, hour, half hour, half, 10 minutes
          I got 10 minutes.
      - tomorrow, tomorrow ill, ill try, tomorrow think, meeting tomorrow
          So there's gonna be again, we're speaking to AMS tomorrow.
      - schedule, scheduling, calendar, reschedule, scheduled
          Otherwise, let's let's schedule.
  [2 raw -> 1]  1080 clauses, 255 calls (61% coverage)
      - jovio, jovia, jovio jovio, jovio team, jovios
          See, I think are we still waiting on Jovio as well?
      - ocp, jovio, linkedin, completion, conversion
          The current OCP complete in Tableau isn't accurate.
  [9 raw -> 1]  1062 clauses, 322 calls (77% coverage)
      - great, fantastic, good, great great, great good
          It's a great school for, their advertising program as well as fashion,
      - sounds good, good sounds, sounds, good, sound good
          That sounds good.
      - nice, looks great, looks, thats nice, nice oh
          But this this looks great.
      - love, favorite, love like, like like, like love
          That's the stuff that I like the most.
      - thatd, thatd great, great, great great, amazing
          Oh, that'd be good.
      - good thats, thats good, good, thats, good good
          That's good.
      - great thats, thats great, great, thats, excellent thats
          That's great.
      - perfect, thats perfect, perfect perfect, timing, perfect timing
          That's perfect then Okay.
      - sounds great, sounds, great, sounds really, good sounds
          Sounds like you're having a great time.
  [3 raw -> 1]  947 clauses, 308 calls (74% coverage)
      - dont know, dont, know dont, remember, im sure
          I was about to say I can't see anything.
      - havent, havent havent, didnt, ive, dont
          I know we've not covered that just yet.
      - know dont, dont know, dont, know, know idea
          It's super I don't think I know.
  [4 raw -> 1]  925 clauses, 310 calls (75% coverage)
      - appreciate, thank, thanks, thank guys, really appreciate
          I appreciate that, Gabby.
      - thank thank, thank, thank thanks, thanks thank, thanks
          Thank you so much.
      - thanks, thanks thanks, thanks everybody, thanks thank, thank thanks
          Thanks, everyone.
      - thank thank, thank, thanks lot, thank thanks, thanks
          Thank you very much.
  [7 raw -> 1]  884 clauses, 308 calls (74% coverage)
      - walk, able, make happen, like able, clip
          Can we do, like, a two phase and get that done, and then because here'
      - able, able yeah, advocate, definitely, probably
          So they said, do what you can.
      - ill ill, let, ill, ill let, let ill
          So, yeah, just just please bear with us.
      - works, does work, works works, work, jerry
          That works best.
      - lets lets, lets, let lets, lets let, lets just
          So let's let's.
      - ahead, yeah ahead, let ahead, navin, john
          I know you have more, so I'll let you go ahead.
      - want, wanna, want want, want wanna, wanna want
          So I wanna take that and do something else with it.
  [4 raw -> 1]  868 clauses, 311 calls (75% coverage)
      - look, looking, look look, looked, seen
          Anybody see it at the moment?
      - look like, does look, looks like, look, looks
          It looks like.
      - thats awesome, awesome, lets lets, awesome lets, lets thats
          Let's see.
      - happens, let, presentation just, ill, shall
          Show them the Infinitecare one.
  [5 raw -> 1]  825 clauses, 288 calls (69% coverage)
      - yeah yeah, yeah, yes, yep, yes yeah
          It's like, do I get a bachelor's?
      - thats right, thats correct, correct thats, correct, fair
          That's correct.
      - yeah yeah, yeah, yeah yes, yes yeah, yep yeah
          So, yeah,
      - true, thats true, correct, true thats, correct correct
          That is true.
      - right right, right, jasmine, right aaron, right isnt
          Is that right?
  ... 28 more multi-member groups (use --show all)

==============================================================================
MERGE >= 0.80: 226 raw -> 119 groups (61 multi-member, absorbing 168 raw clusters)
==============================================================================
  [2 raw -> 1]  1728 clauses, 292 calls (70% coverage)
      - budget, spend, spending, money, month
          11 and up 8.
      - cost, cost application, cost hire, application, hire
          So as you can tell from the overall cost per hire perspective, if we d
  [7 raw -> 1]  1405 clauses, 290 calls (70% coverage)
      - campaigns, campaign, media, ads, ad
          So a media campaign that will go we'll be posting our job roles across
      - sales, manager, team, director, talent
          So I am leading from a recruitment marketing and attraction side at Re
      - client, clients, client client, clients know, know client
          I use a client.
      - brand, brands, companies, brand awareness, managed service
          Versus, like, you know, just supporting a company that's only corporat
      - customers, customer, problem statements, framework, approach
          So first and foremost, the first bullet point I have after talking to 
      - markets, market, local, markets markets, local markets
          Because there's lots of political, to ins and fro ins in Italy around 
      - vendors, vendor, different vendors, commercial model, commercial
          And I mean, two vendors, maybe.
  [6 raw -> 1]  1378 clauses, 296 calls (71% coverage)
      - api, apis, ras, sandbox, ras report
          Apollo sends has a direct API integration with Indeed, and that's wher
      - data, report, information, data data, lot data
          I I've worked with Lee Fair for multiple months now, so he's he's awar
      - dashboard, analytics, tracking, track, unified analytics
          I don't know about Marie, but I've got, like, all these trackers, and 
      - integration, workflow, integrations, workflows, integrate
          It's essentially once we go into the apply process where the integrati
      - partnership, partner, partners, strategic, partnering
          Is that, like, part of the partnership strategy?
      - funnel, funnel tracking, tracking, attribution, middle funnel
          So you're leveraging only organic Adsona source.
  [5 raw -> 1]  1350 clauses, 343 calls (82% coverage)
      - question, ask, questions, curious, ask question
          So I'm conscious that rather than asking a 100 questions after the mee
      - share, shared, sheet, documentation, copy
          Just to now have gone through the document, which has been shared earl
      - check, double check, double, ill check, list
          Just wanted to check internally in the system level, how it works in t
      - let know, let, know let, just let, ill let
          But if if anything changes, I'll let you know.
      - clarify, understand, understand just, explain, just wanted
          I have, like, a very, very, very high level understanding, and so if y
  [3 raw -> 1]  1326 clauses, 335 calls (81% coverage)
      - calls, reach, calling, jump, tomorrow
          She has a call today on Indeed, please.
      - conversation, talk, conversations, talking, discussion
          I don't I would have to clarify what that I think that was more candid
      - heidi, caitlin, updated task, heidi grace, kim kelsey
          But, Heidi, there is a, like, MBH Mars level.
  [2 raw -> 1]  1207 clauses, 309 calls (74% coverage)
      - months, days, weeks, month, january
          Constantly raining since, January one.
      - year, years, 2026, year year, 2025
          I was there about 3 years of Clubman.
  [9 raw -> 1]  1192 clauses, 290 calls (70% coverage)
      - recruiters, smart, smart recruiters, recruiter, hired
          So they started adding me, and in the way, addressing competitors, we 
      - boards, job boards, job board, board, job
          So it's essentially, I guess what we would call, like, kind of a progr
      - id, candidate id, job id, candidate, profile
          Share your ID?
      - career, career site, site, career sites, careers
          So how we're gonna how we're gonna create a career site for them?
      - apply, quick apply, apply start, click, click apply
          Let's start with upload jobs, all upload jobs.
      - veterinarian, veterinarians, banfield, vet, veterinary
          It's like, you know, why have a career set at all?
      - job description, description, job, job title, title
          This is simply just job specific information.
      - post, posting, job posting, posted, job
          Would there be a way to kind of place some kind of indicator words or 
      - resume, candidate, candidates, upload, candidate referred
          So it's like a a direct apply, but we've cheated.
  [2 raw -> 1]  1080 clauses, 255 calls (61% coverage)
      - jovio, jovia, jovio jovio, jovio team, jovios
          See, I think are we still waiting on Jovio as well?
      - ocp, jovio, linkedin, completion, conversion
          The current OCP complete in Tableau isn't accurate.
  [3 raw -> 1]  981 clauses, 286 calls (69% coverage)
      - week, monday, friday, tuesday, thursday
          And so I won't work Wednesdays.
      - tomorrow, tomorrow ill, ill try, tomorrow think, meeting tomorrow
          So there's gonna be again, we're speaking to AMS tomorrow.
      - schedule, scheduling, calendar, reschedule, scheduled
          Otherwise, let's let's schedule.
  [3 raw -> 1]  859 clauses, 301 calls (72% coverage)
      - appreciate, thank, thanks, thank guys, really appreciate
          I appreciate that, Gabby.
      - thank thank, thank, thank thanks, thanks thank, thanks
          Thank you so much.
      - thank thank, thank, thanks lot, thank thanks, thanks
          Thank you very much.
  [4 raw -> 1]  806 clauses, 287 calls (69% coverage)
      - okay, fine, like okay, okay okay, okay like
          Exactly, and then if they like it, they will say, okay.
      - okay okay, thats okay, okay, okay thats, alright
          Is that okay?
      - oh okay, okay oh, okay, oh, okay alright
          Oh, okay.
      - fine thats, thats fine, fine, thats, fine mean
          That's fine.
  [2 raw -> 1]  772 clauses, 290 calls (70% coverage)
      - dont know, dont, know dont, remember, im sure
          I was about to say I can't see anything.
      - know dont, dont know, dont, know, know idea
          It's super I don't think I know.
  [3 raw -> 1]  758 clauses, 291 calls (70% coverage)
      - look, looking, look look, looked, seen
          Anybody see it at the moment?
      - thats awesome, awesome, lets lets, awesome lets, lets thats
          Let's see.
      - happens, let, presentation just, ill, shall
          Show them the Infinitecare one.
  [3 raw -> 1]  746 clauses, 281 calls (68% coverage)
      - dont want, dont wanna, dont, want, wanna
          If I work remotely and to support that, and I don't wanna say reluctan
      - problem, worry, worries, dont worry, issue
          So I have no problem doing that.
      - dont need, need, dont, need dont, like dont
          With that, we will not need to con conduct a full DPIA.
  [4 raw -> 1]  719 clauses, 264 calls (63% coverage)
      - thats thats, thats, thats thing, yeah thats, thing
          That's what.
      - like like, just like, like, like just, things like
          So it's like.
      - thats thing, thing, thats thats, thing thats, thats
          I guess the only other thing is, like, so my style has been very hands
      - whats, whats whats, called, menu, think called
          What is that in the landscape?
  ... 46 more multi-member groups (use --show all)

==============================================================================
MERGE >= 0.85: 226 raw -> 162 groups (50 multi-member, absorbing 114 raw clusters)
==============================================================================
  [2 raw -> 1]  1728 clauses, 292 calls (70% coverage)
      - budget, spend, spending, money, month
          11 and up 8.
      - cost, cost application, cost hire, application, hire
          So as you can tell from the overall cost per hire perspective, if we d
  [2 raw -> 1]  1254 clauses, 332 calls (80% coverage)
      - calls, reach, calling, jump, tomorrow
          She has a call today on Indeed, please.
      - conversation, talk, conversations, talking, discussion
          I don't I would have to clarify what that I think that was more candid
  [2 raw -> 1]  1207 clauses, 309 calls (74% coverage)
      - months, days, weeks, month, january
          Constantly raining since, January one.
      - year, years, 2026, year year, 2025
          I was there about 3 years of Clubman.
  [2 raw -> 1]  1080 clauses, 255 calls (61% coverage)
      - jovio, jovia, jovio jovio, jovio team, jovios
          See, I think are we still waiting on Jovio as well?
      - ocp, jovio, linkedin, completion, conversion
          The current OCP complete in Tableau isn't accurate.
  [3 raw -> 1]  950 clauses, 258 calls (62% coverage)
      - api, apis, ras, sandbox, ras report
          Apollo sends has a direct API integration with Indeed, and that's wher
      - data, report, information, data data, lot data
          I I've worked with Lee Fair for multiple months now, so he's he's awar
      - dashboard, analytics, tracking, track, unified analytics
          I don't know about Marie, but I've got, like, all these trackers, and 
  [2 raw -> 1]  904 clauses, 276 calls (66% coverage)
      - week, monday, friday, tuesday, thursday
          And so I won't work Wednesdays.
      - schedule, scheduling, calendar, reschedule, scheduled
          Otherwise, let's let's schedule.
  [3 raw -> 1]  859 clauses, 301 calls (72% coverage)
      - appreciate, thank, thanks, thank guys, really appreciate
          I appreciate that, Gabby.
      - thank thank, thank, thank thanks, thanks thank, thanks
          Thank you so much.
      - thank thank, thank, thanks lot, thank thanks, thanks
          Thank you very much.
  [2 raw -> 1]  772 clauses, 290 calls (70% coverage)
      - dont know, dont, know dont, remember, im sure
          I was about to say I can't see anything.
      - know dont, dont know, dont, know, know idea
          It's super I don't think I know.
  [3 raw -> 1]  758 clauses, 291 calls (70% coverage)
      - look, looking, look look, looked, seen
          Anybody see it at the moment?
      - thats awesome, awesome, lets lets, awesome lets, lets thats
          Let's see.
      - happens, let, presentation just, ill, shall
          Show them the Infinitecare one.
  [3 raw -> 1]  733 clauses, 275 calls (66% coverage)
      - okay, fine, like okay, okay okay, okay like
          Exactly, and then if they like it, they will say, okay.
      - okay okay, thats okay, okay, okay thats, alright
          Is that okay?
      - fine thats, thats fine, fine, thats, fine mean
          That's fine.
  [3 raw -> 1]  702 clauses, 183 calls (44% coverage)
      - city, country, state, location, city state
          Are you which ZIP code, and boom, and it gives them 3 facilities in th
      - east, toronto, based, atlanta, im based
          I, I grew up in, in New York, and my partner, she has asthma.
      - uk, region, canada, dubai, india
          We're communicating with The UK.
  [2 raw -> 1]  671 clauses, 225 calls (54% coverage)
      - send, slack, sent, ill send, send send
          So Let me, I'll just get a message.
      - email, emails, send email, email just, send
          Noran, could you do me a favor and maybe just email across the points 
  [3 raw -> 1]  667 clauses, 276 calls (66% coverage)
      - think think, thinking, think, think yeah, yeah think
          I'm thinking now.
      - possible, thats possible, does, think does, pretty standard
          Whatever it takes.
      - assumption, assume, assuming, im assuming, say
          I would assume that's for that.
  [2 raw -> 1]  662 clauses, 262 calls (63% coverage)
      - question, ask, questions, curious, ask question
          So I'm conscious that rather than asking a 100 questions after the mee
      - clarify, understand, understand just, explain, just wanted
          I have, like, a very, very, very high level understanding, and so if y
  [2 raw -> 1]  600 clauses, 206 calls (50% coverage)
      - campaigns, campaign, media, ads, ad
          So a media campaign that will go we'll be posting our job roles across
      - brand, brands, companies, brand awareness, managed service
          Versus, like, you know, just supporting a company that's only corporat
  ... 35 more multi-member groups (use --show all)
