2026-07-27 21:24:48,230 - BERTopic - Dimensionality - Fitting the dimensionality reduction algorithm
2026-07-27 21:26:05,803 - BERTopic - Dimensionality - Completed ✓
2026-07-27 21:26:05,804 - BERTopic - Cluster - Start clustering the reduced embeddings
2026-07-27 21:26:11,447 - BERTopic - Cluster - Completed ✓
2026-07-27 21:26:11,458 - BERTopic - Representation - Fine-tuning topics using representation models.
2026-07-27 21:26:12,473 - BERTopic - Representation - Completed ✓
Parsed 416 transcript(s), 49229 turns.
CLIENT clause pool: 73771 clauses. Embedding...

BERTopic: 231 raw cluster(s), 34528 outlier clause(s).

==============================================================================
THRESHOLD SWEEP (one clustering pass, 231 raw clusters)
==============================================================================
 merge  supp%  ubiq%   merged  coachable  mechanics  dropped
  0.70     2%    10%       34          4         30        0
  0.70     2%    15%       34         10         24        0
  0.70     2%    25%       34         16         18        0
  0.70     2%    40%       34         22         12        0
  0.70     5%    10%       34          1         30        3
  0.70     5%    15%       34          7         24        3
  0.70     5%    25%       34         13         18        3
  0.70     5%    40%       34         19         12        3
  0.75     2%    10%       60          9         51        0
  0.75     2%    15%       60         18         42        0
  0.75     2%    25%       60         28         32        0
  0.75     2%    40%       60         35         25        0
  0.75     5%    10%       60          6         51        3
  0.75     5%    15%       60         15         42        3
  0.75     5%    25%       60         25         32        3
  0.75     5%    40%       60         32         25        3
  0.80     2%    10%      116         13        103        0
  0.80     2%    15%      116         38         78        0
  0.80     2%    25%      116         55         61        0
  0.80     2%    40%      116         81         35        0
  0.80     5%    10%      116         10        103        3
  0.80     5%    15%      116         35         78        3
  0.80     5%    25%      116         52         61        3
  0.80     5%    40%      116         78         35        3
  0.85     2%    10%      168         17        151        0
  0.85     2%    15%      168         59        109        0
  0.85     2%    25%      168        100         68        0
  0.85     2%    40%      168        133         35        0
  0.85     5%    10%      168         14        151        3
  0.85     5%    15%      168         56        109        3
  0.85     5%    25%      168         97         68        3
  0.85     5%    40%      168        130         35        3
  0.88     2%    10%      198         18        180        0
  0.88     2%    15%      198         72        126        0
  0.88     2%    25%      198        127         71        0
  0.88     2%    40%      198        171         27        0
  0.88     5%    10%      198         15        180        3
  0.88     5%    15%      198         69        126        3
  0.88     5%    25%      198        124         71        3
  0.88     5%    40%      198        168         27        3

  supp% is a fraction of 416 calls (floor 4).
  ubiq% is the coverage above which a cluster is treated as mechanics.
