
=== Naren's Brain Builder ===

Found 416 transcript(s) in recordings/:
  - 015a5979-4c9f-44ae-9b9d-f642529a5478.txt
  - 017d6697-5957-49cd-b314-c98e467e024a.txt
  - 024e3c77-906d-4be5-96fe-cb23376ee75b.txt
  - 027ed51b-be07-49f5-b40b-633947f7dcd3.txt
  - 029276c2-cc3c-452e-827c-3b9a8e751e0c.txt
  - 04cbf470-61b1-4f09-ad7c-45cb96b67f63.txt
  - 050514a1-9706-4fe8-a676-760b12fb33b5.txt
  - 060e51ca-8371-432b-8b18-9d0e8142d86c.txt
  - 06a22a9a-3053-46b3-aedd-371e2a15b4ad.txt
  - 07258bf9-5ce4-4680-a412-05e56cdfecf1.txt
  - 07a3aa92-c47d-4487-a7ab-ea291baf85b1.txt
  - 082374e7-211c-4d56-b86e-58d762e05775.txt
  - 082690f8-a5be-4275-b5bc-7eb0594564f5.txt
  - 08c6fad2-aab7-40d0-8232-a9f417a003a5.txt
  - 0908f34c-f066-4d9d-8c8b-aa2769cc8c7b.txt
  - 09094d0d-3d5f-4b42-9639-35ddb40573d4.txt
  - 091463fb-62d1-4208-860e-33c878aad4a6.txt
  - 0b4f4d94-d55f-4c9a-844f-611a33785e31.txt
  - 0c45576c-663a-4fd9-9993-b31afc7a1cad.txt
  - 0c6a1aa7-d862-4945-a5ad-54c325a74c5f.txt
  - 0e47e3cd-3333-452a-83f2-d451acb31bfc.txt
  - 0e9034a6-6a9b-4b87-b049-234caa9ea482.txt
  - 0f983de5-e2d2-4586-acca-b0d848cdbe98.txt
  - 0fc1f3af-ddac-4565-b235-79c8b5137905.txt
  - 0fcf0943-91bc-4487-a762-de599a9b8a0b.txt
  - 109344fe-e1cc-43a1-bcdd-2b0bd99dcb12.txt
  - 1280e21c-b6c6-4545-a01b-943607f70be3.txt
  - 12a9e539-4851-4a8b-a838-3c1ebf0ff300.txt
  - 12e4267c-7b23-4691-9b05-84a5678a5cf0.txt
  - 12fce0a1-bd00-4b50-9793-1ac71ae5af63.txt
  - 131f85c6-c096-42e6-8deb-4a2ac491367d.txt
  - 13e90b68-c693-418d-b31f-089e44a48699.txt
  - 140fec2d-7a20-4deb-9276-ab658f5a9087.txt
  - 143f118a-0559-48a9-9b8d-f4e865bdbd35.txt
  - 157c9e39-ea53-411c-95d5-646f14248785.txt
  - 158487c4-0c7f-4db5-aa93-bc9c19dddb55.txt
  - 15af55f1-638a-4825-a2f9-b0bc25aed759.txt
  - 161b0889-0227-4510-a419-649e2371240e.txt
  - 16303a58-2b67-4b20-a36c-cdaf3b9f0ed1.txt
  - 1658e131-e1ff-49c8-8822-7e44ec856174.txt
  - 167a3a81-97e8-4570-9881-d32138cb6898.txt
  - 175e8529-be6f-4c91-b3c6-5219347708c4.txt
  - 17b55f1f-c0c7-41a7-8797-4d65cdb76456.txt
  - 180386e1-eafe-4cd7-ba58-26481a84eae5.txt
  - 19752037-ce80-42ee-b901-56792fc16d76.txt
  - 197a5239-bdb8-4f0b-a6d7-a00b1ea14e84.txt
  - 19949c43-f49a-4123-b2c3-0ee09bb22542.txt
  - 1a031715-78cf-4bce-b61a-21031a7b5c1b.txt
  - 1b535a0a-d220-46bf-bb97-6342f5035794.txt
  - 1c2a3561-a3d1-49ee-bca3-6f3e691b1be9.txt
  - 1c645b8b-d8ea-44fc-920e-fefe06327046.txt
  - 1e2c03ac-2841-40d2-822f-9907a39e3c47.txt
  - 1fc37b04-965e-4c58-a33a-112cd4e89be0.txt
  - 20cfd4a8-3755-4a8e-917b-e40b265b2d46.txt
  - 20ee2343-9f80-4b4c-ab55-d58bc42fcdb5.txt
  - 21c1456a-63b5-4f78-a282-e4152188c498.txt
  - 223a17df-1f36-4045-b520-92d6f4ae8a51.txt
  - 23fe9cdf-e617-49c5-a3ce-fbf45a76ef60.txt
  - 245eb3b6-b96f-4f38-ad0f-0fc3e468e877.txt
  - 246c3edd-dd00-46a4-9aaa-d93c690c8a5e.txt
  - 24980cc6-e3ac-4bd7-80aa-8bbe3bf02ea5.txt
  - 24a1acf5-f796-47cd-906f-f2213dcc8f6f.txt
  - 24c6c1f4-50bc-4ad8-97da-bb0d8fd480f4.txt
  - 25ad72d5-c42d-4221-a7dd-0f0a74bea76e.txt
  - 25d9e3e5-e13c-4dc6-ae5c-9fc402a4722a.txt
  - 26c89244-8c0c-446a-bca1-1c185936351c.txt
  - 26fc8714-878d-482d-bf82-2fb55c9f03bf.txt
  - 27a042dd-800f-4d69-95f2-bd4639496e03.txt
  - 27e9de91-4993-4b01-b753-8e0fa7bd38bb.txt
  - 28cd171d-d8d9-4a25-9510-287548e13990.txt
  - 2a2bd7c6-4920-4762-a62b-41f5ae1dec50.txt
  - 2b1cc972-0b2e-48d1-b563-dc2f1afec4ac.txt
  - 2d32651d-3bc2-4532-b1e0-60d1b5505dee.txt
  - 2d7b864d-7586-4344-9e8b-200a2e81dde1.txt
  - 2ddc1cad-ecb7-4b5e-93fe-4e6b19321b30.txt
  - 2ec64a88-51b1-463e-9275-e556de0a8089.txt
  - 2f4a5e86-3f05-4f28-8094-7cb012b7b391.txt
  - 2f6f3a54-1043-41c3-9ed6-554407d196dc.txt
  - 300be1e1-fd6c-4778-80ab-849f78e69dd6.txt
  - 3075c84a-b535-44ae-b32e-359610be36dd.txt
  - 325c897b-0057-4bda-ace3-4f6bafb4bcf5.txt
  - 32909863-31ba-45a4-8d2f-8d642931e338.txt
  - 343cb4e0-6fb7-4da1-bc68-7baf9115b0d8.txt
  - 3842a1c4-4495-42a5-ab5d-f4b1c7f9b7af.txt
  - 38892b87-0011-415e-ae10-81184e509072.txt
  - 39d374d6-85e3-4410-837e-ff185bc5b367.txt
  - 3a901f87-9ce7-43f9-a36a-f231f0db5aa1.txt
  - 3caa287d-7afa-4fe0-b28b-940325ba9e88.txt
  - 3dadeb77-eec6-4046-8e0a-a432e1e9b505.txt
  - 3db43c7b-bc7e-483e-9713-8369a0bb8523.txt
  - 3df9cbf5-eea7-4c9d-b94a-4cfb2fbabce0.txt
  - 3e32cd87-6ba4-468c-bbd9-d8715ebd4a5d.txt
  - 3e4a62ed-9d1b-4d83-900c-b8dcc66f3120.txt
  - 3e4c3393-c3cc-4047-a5bc-57bccbfaee4f.txt
  - 3e8f663f-ce29-4214-88b6-c55af26d5a1b.txt
  - 3f7bd20d-0c77-468d-b95a-09f650020899.txt
  - 3ff780c7-4a20-407a-af3f-584dc44f89f2.txt
  - 3ffb382f-4d4b-49bd-a636-36e6358ee29e.txt
  - 40103071-9af7-4f40-8137-ec83e1e37219.txt
  - 40a783fd-48d6-45f2-8a29-31c1f0d2c541.txt
  - 40fc4d01-9a9e-4da2-855d-e26f549c418f.txt
  - 41511525-3303-41ce-8025-f9bbde377c91.txt
  - 419ee94e-f786-4bc3-9d62-6b70eee0ad2c.txt
  - 4210ee5b-cbfd-458f-aa3b-7c2d5d0d6443.txt
  - 429ad3a8-330f-41d6-8f80-bb36770b5341.txt
  - 42a13d3d-7d89-4ab9-849b-86878527f9cc.txt
  - 42c9627e-16c7-4eb3-8d1d-b261f8bb4a02.txt
  - 430f1b37-2eb8-4826-b600-560ffa0b5d53.txt
  - 4398bea0-1e23-4864-8a2c-c6c78475abe8.txt
  - 43ebc3ea-ed7c-453c-af01-12694d376f7e.txt
  - 44be9288-76d7-46b1-859e-6566fa4bc7d3.txt
  - 45c580b5-bff3-43c5-be15-98a591dfc7b0.txt
  - 45ec89ed-7e2b-4790-bb06-7cfeeb636c1b.txt
  - 45ee54f7-816a-46b9-a1d7-e8e880b0d7b9.txt
  - 46984598-f001-4228-af74-08384586d573.txt
  - 4747fd4d-4dd4-4d8a-8b38-f82c9401b106.txt
  - 486bb2c5-7166-46dd-a3b3-926db471ce8a.txt
  - 4990585d-350c-4578-9d2a-ce6795720eb3.txt
  - 49e61ed3-479b-462d-8301-e1bc804d8ea0.txt
  - 4a33d23a-01b0-4500-b3fb-f4d28ed03ca9.txt
  - 4a545998-797e-403e-829e-a4afa54c96e1.txt
  - 4a6bafa5-8216-443e-be24-bf144b145943.txt
  - 4b8103dd-c1c9-49da-9c5f-85f67df00167.txt
  - 4c03e03a-56ff-4025-9a89-76ce53ab86db.txt
  - 4c1ab82d-aaa9-45d2-a86c-e9a9e900905e.txt
  - 4c610b70-d024-422c-8d00-a0cb7523ca47.txt
  - 4d6f0b8e-dad4-47e9-94c7-d5f165e95476.txt
  - 4de07972-b723-4325-be67-9b5798f523e9.txt
  - 4de70af0-4a69-43b4-9bb5-25bdefaed5d4.txt
  - 4dea0d11-71f9-4215-bbc9-515d6e4c90f6.txt
  - 4e74b595-0482-40cb-bc7a-2edc57025c93.txt
  - 4ec3b2af-f9c8-4d05-87c6-25c3cbd4861e.txt
  - 4ee08fa2-57d3-46e2-aefb-f5d92dc27a91.txt
  - 4f69f5cb-0fc3-4867-9b0a-96c47614f3e9.txt
  - 500d8231-f371-4ae4-9cee-476866971c09.txt
  - 507640c3-9601-4316-a660-d8978d777275.txt
  - 534583de-064c-46a7-8514-deed40fcdf03.txt
  - 5391083b-0096-4f2b-9dbc-7365b00b956d.txt
  - 547b8bc7-1412-4e4f-a315-269fd92e57c1.txt
  - 54911435-c99c-4f05-80a4-8b76b1391e5e.txt
  - 54c07609-8622-4a9f-bb63-bf05e04c7fcb.txt
  - 54ed7907-45fd-4c67-91a6-3e06ed6abc43.txt
  - 550b2b9a-f2dc-4981-a2c1-84dcb8f0490a.txt
  - 555e2e48-c0cc-44bc-8760-9f7b896b0bb6.txt
  - 557aae8b-1430-4422-86bd-782ab868337d.txt
  - 55c783a4-9341-4d1e-a600-c6947967aaf2.txt
  - 5645373e-bb8b-40b4-9379-abf8d7c995fe.txt
  - 564b5a2b-8339-416e-9d95-177c7bc38de0.txt
  - 56a79f60-721b-4785-ab8b-e2bef190a3b2.txt
  - 59c247aa-0667-49de-a88b-3fa075f9a1b8.txt
  - 5abe14f8-c5a6-421f-b984-1b8890be6640.txt
  - 5b27c3d7-1584-406c-9161-412d0bab5b08.txt
  - 5ba71622-9f5d-48b9-b19f-a341b4556f80.txt
  - 5bb1a755-ce71-4152-81fc-ef69ab0e6cf5.txt
  - 5c241243-28f6-4de1-ab88-4fbed8c2c57a.txt
  - 5c7d8714-8554-4a9c-8d8c-958e3566ae13.txt
  - 5d08ec27-aa0d-466a-90ef-a77649245db7.txt
  - 5d8cdec7-2742-48d0-9c7c-7ea9389ed5d7.txt
  - 5df8e9e5-f9e9-48b5-aa6b-7a0bf158c30c.txt
  - 5e53e0b2-407d-44b7-b02e-d540c0b7da6b.txt
  - 5f0ade70-d613-43de-be12-306ab815b80e.txt
  - 5f72798f-cc20-4ecb-90b1-072c680c58c9.txt
  - 5f9d8f75-69e6-4c89-a1bf-cf4caa6445b6.txt
  - 600a71bf-9dc1-4b31-a915-6d90d9ecd269.txt
  - 60898be1-c415-4899-a68c-a40713becb2b.txt
  - 62d1bc04-519a-4812-a2f4-1734af9dd891.txt
  - 63cae46c-419e-43da-9ad3-d7ccf1a8e914.txt
  - 658e0e36-a1a6-4003-8f11-9e9c17525377.txt
  - 66d79001-6d7f-47fd-b410-d9105e207683.txt
  - 673880f2-1168-4d7a-8f75-22abad6b686d.txt
  - 674a0f84-f4d2-4e17-9e96-12617a5f04b4.txt
  - 676f9781-2dc2-4cad-9740-d98244d034de.txt
  - 6afaa9c0-39d4-485a-a8eb-c957098c9a03.txt
  - 6b454bba-2097-4b34-8eeb-08668e021e03.txt
  - 6c629c01-759e-4172-a07f-4439dd01ddbd.txt
  - 6d9ffe90-2015-44b8-94f9-4476ba470036.txt
  - 6e509a7f-e0d0-4fd1-b779-ddfb4e8e12f1.txt
  - 6e9e9ba8-a181-4efb-aecc-812242606bba.txt
  - 6e9f72ab-e0c7-483d-9ee4-c83660053da1.txt
  - 6f6bb5e9-3e52-4ac2-a6d4-62a94919b5a0.txt
  - 6fe00c2f-2cfe-452b-b8db-c85272720426.txt
  - 7008624c-3497-46ba-9398-9d8c1b47a1c6.txt
  - 71389833-fe50-40d1-a970-7f2068e4f0fc.txt
  - 71d90f49-d6d9-4701-8e7d-484d331d9b24.txt
  - 7242f063-9ce3-45f4-b78e-9f4d2b90b35b.txt
  - 72c8b2a4-2eab-4b4d-a695-cf508e304ab9.txt
  - 73e111e0-87c3-4d3c-9b93-54ebbf4f3ccd.txt
  - 73efd7fb-c25d-4f61-a97d-6f55946ba2bf.txt
  - 74cb4201-9b5e-424b-8386-0b61ba282fdf.txt
  - 75002e09-b9c7-4988-910e-9db924ef49db.txt
  - 76017387-fbf2-4ac3-98ef-607195e11526.txt
  - 7611ea52-5da5-4499-baac-2ffe9621581b.txt
  - 7683abc6-a283-442c-836a-4014ee4d0695.txt
  - 76928b97-4f52-489b-8dda-86993bbf91ee.txt
  - 76977841-5bd2-4564-ab1a-a379396c6dbb.txt
  - 76b75f76-9ab5-4ef8-b4a2-ffc87448743d.txt
  - 76e5c022-83c9-49f4-8e74-3137aefbc237.txt
  - 76eaae2b-f740-4494-b2c9-4166eff30bd6.txt
  - 76f042ca-4aba-4728-a90e-9b95fa13b80c.txt
  - 7792569e-dd7a-41c2-8e2d-2eae8a79ad90.txt
  - 78691c25-8ca0-4cbc-aa7c-e8eaa01d320f.txt
  - 7a62464b-6ec1-4a4e-8190-2b3c2341637b.txt
  - 7aac8600-ee91-4a66-a5d2-193382b046aa.txt
  - 7ba0f820-e7ac-4944-b6d5-e8c329498b76.txt
  - 7cb6c543-fe8b-4532-b35c-d58c70569864.txt
  - 7d03ef80-ee61-4729-96ae-1a5de99ec580.txt
  - 7dba355c-0781-4911-8be1-2aece83359cb.txt
  - 7f6fa9bf-1557-4d6e-992c-402e03aad7a5.txt
  - 802b50ca-08b3-4e6b-bf38-db946a2779b0.txt
  - 8094d6f9-3cb8-4983-a74b-23087883980f.txt
  - 80e6cf19-d8ab-4600-9f65-1f26f772f80c.txt
  - 820da9b3-8391-4f95-b8dd-f9fbcd366877.txt
  - 823b8d41-f936-4aad-b64d-79b92a0054ab.txt
  - 8318f837-4efd-4ce2-b576-3da7abce801b.txt
  - 83c65aae-d485-4239-8a91-917145a021c5.txt
  - 852def4d-af78-42de-8c56-16b3eb0a7fde.txt
  - 85e6ef37-41b8-4548-add2-80fe50d4c2bc.txt
  - 85f18d2e-fe89-4cfd-a850-6b09a680382f.txt
  - 86052a63-b141-4528-933f-c2c52754c817.txt
  - 865fb234-af06-4884-ad21-f1bc405d9c4b.txt
  - 871437b6-780e-46a6-8b97-f21bd7127db7.txt
  - 87b40c98-7f57-4a0b-a72d-aa13b58e5ee7.txt
  - 88c1956e-43a9-48b5-bd3f-1671a85b2774.txt
  - 8a208fa4-8b79-455c-86ad-634e7c5bca55.txt
  - 8af5964f-4301-411d-a7df-3493bc50a200.txt
  - 8c79e188-3592-438a-af44-37e0a4451d22.txt
  - 8cef3122-80b0-418e-b749-9a8650fe5db3.txt
  - 8d87bfe2-a308-4509-9fce-39c7ae35ca7a.txt
  - 8d914a02-eba4-4cb8-82da-8cec95cba04f.txt
  - 8d970135-0c8a-4a44-ab8b-fbaab1da7e65.txt
  - 8ed31d79-cb11-4a9a-a4a9-68ca1a90d7fe.txt
  - 8f250df0-e782-4141-b01d-e96aaa479be5.txt
  - 8f3a1ff2-ab6e-451b-bba2-fc400fc9eee5.txt
  - 8f5af4ff-a50e-4849-8ab2-a16cd1349e9e.txt
  - 8f72a49c-2001-4407-8082-c6450681bcb1.txt
  - 8fe8c09c-1c7f-48f4-873d-1243907370f1.txt
  - 91318b13-772e-4408-ab38-ccf6fc5d1426.txt
  - 91db7a01-3908-42c1-8320-6612b3396e95.txt
  - 921c7067-30cb-4e32-bf20-17bef2f3a053.txt
  - 9250506d-6896-4670-8668-827ba1391fe8.txt
  - 93a9182b-2bdd-45d0-bbd7-7c493adfcf48.txt
  - 9481bbef-7177-469c-ae61-dcfe77fea98a.txt
  - 94c4b6fc-79c6-4275-8232-b306e5a54fd0.txt
  - 950cdbfc-b5a7-4888-81e6-88916702c3d6.txt
  - 95306917-eef3-4102-8244-4eda3080abb2.txt
  - 95fa12f9-c0ee-4825-bdf7-0ab0da96debb.txt
  - 960369e5-e924-4e5b-9a78-c275215ade2d.txt
  - 961e2ff6-242c-44c3-9043-2a4dfeb5fde6.txt
  - 96409d29-525c-494c-b541-33b031ae9c3b.txt
  - 96bd358f-b9ac-44fa-99f7-45cec003e5af.txt
  - 96c81797-f4e5-4f4f-9b37-449d3cc8ef86.txt
  - 96e4cb9e-3f34-421f-8bb9-01fd3db41a2a.txt
  - 976a9046-a758-4d39-8b26-e4aa66b2c25b.txt
  - 9804d58d-fe50-4c69-a6cc-82f9789edb4c.txt
  - 98463170-a1f3-4f81-a343-b38077569c65.txt
  - 98c99c02-6d87-4b99-b983-7611607888e8.txt
  - 98ff9084-27ab-40cf-a1a2-e80fd46c458c.txt
  - 998fa75c-900c-4ef2-b851-876c90a91d24.txt
  - 9a4975d1-4da7-40d4-8eb5-8cfe8855a32b.txt
  - 9a6326d2-5bf0-46dd-9cfb-4b6cea573963.txt
  - 9b2a018a-d7c7-4fd5-877e-02f7143f2ed3.txt
  - 9becbd19-d671-46d9-855c-adf2fac4b532.txt
  - 9c10ba28-0b55-4a78-8e2f-289187fe624f.txt
  - 9cab9693-4e10-4f5d-a75b-4ff6aaec0bb3.txt
  - 9da366ab-bed7-43c7-87ed-4711960bf0c2.txt
  - 9e7c8925-7bb1-437a-bf13-0fd92f6ecdef.txt
  - 9ee038d5-81fa-413e-a617-ef2d1cf9c8b3.txt
  - 9f80f1d6-a1bb-44b8-84a2-ed0eb1e518d1.txt
  - 9fa3b00c-74fa-4e5a-b2cc-186f94400e4f.txt
  - 9fa3b664-acc4-40bd-a963-6a02950e2861.txt
  - a0bf4c53-3d24-434e-9eac-6813d380f52e.txt
  - a0cf17e2-f7e9-4ac0-9292-44039855d62f.txt
  - a1b310bb-e201-4e45-a446-cfa2653d4bb9.txt
  - a26e1562-1c14-484e-96d8-97533c3cf715.txt
  - a2f22b1a-897f-4614-97e0-fca4f768d1fb.txt
  - a476135e-0161-47ff-9dad-fbf71731c8b6.txt
  - a7147ffc-4f0c-4de6-82a9-8c1f7eb2e6df.txt
  - a72dc491-54d2-4968-8d2b-303ac7523bd6.txt
  - a7842980-e67f-4675-a085-7f4872197e23.txt
  - a80d9169-bf41-4d83-b5d7-46a169388459.txt
  - a84daddb-5276-44bd-ac19-fae1d18c021b.txt
  - a8d59830-455d-4496-bebc-32bac479ec9c.txt
  - a9c2634d-94a1-4535-b153-be82a4007dd9.txt
  - aabecb86-28f8-49ce-9172-1b975c88a405.txt
  - ac1aac7b-b2f1-4f82-8837-a97361517d22.txt
  - ac557b55-914c-498a-badb-f754dbee9e6c.txt
  - acc24a3f-c810-40b7-8f93-94788bc6a03d.txt
  - acc5ce5a-6930-4060-a95b-0732a26af407.txt
  - add622ce-9a2e-4897-a3c0-d8ff48d440ed.txt
  - adea9dd5-eb7e-4828-a5bc-7a2e3a2a69a6.txt
  - afde4448-e144-4245-8f52-c47d076a7fa8.txt
  - b098071a-600d-4a1a-a4c7-c08cd61136da.txt
  - b0f408a1-c8e0-43b3-bdd4-1927a58c81ef.txt
  - b0fccf1b-0f58-4bed-81a9-3b18bb712562.txt
  - b11b5232-ae16-4171-ba13-5df563866876.txt
  - b162fc95-3516-42ac-96ad-befa42cac271.txt
  - b1693be6-ded5-4c93-9d5a-32289af3d512.txt
  - b29431d7-f650-4c8d-bcf6-dd319731dcf6.txt
  - b3549fde-4c4b-4b52-9608-0175391eb138.txt
  - b3658f2a-5fab-4bf1-93e6-9e0cc4fd3f80.txt
  - b396d715-4476-4bb4-9aaa-2bf7e2746fba.txt
  - b49b7ddc-3c54-4494-9767-d7471b5acf00.txt
  - b4e3ea49-39f8-41f1-804a-f12b091f79bb.txt
  - b4faa900-5ee6-404b-95b7-aff3a0763a6b.txt
  - b5179c46-f8cd-45bb-b04b-6b1eb5e37176.txt
  - b51f37de-1881-4416-b3b1-78b6d64619d3.txt
  - b67528dd-e62a-4098-b0a3-7c441ae837c2.txt
  - b6c549f2-ce33-492d-9072-4c24cc32b148.txt
  - b6f87222-4325-4f20-8047-54034e96f3c5.txt
  - b73054dc-a462-4b6b-8ffa-079e8bca9468.txt
  - b76e6685-36f0-408b-b67f-ecafb3bff767.txt
  - b85a6a44-9b5b-4358-8f5c-53ac3a9b5442.txt
  - b8a8c123-f343-4dfa-857a-fd3b8cb285ad.txt
  - b99ce347-cf6b-47d4-b3c2-8efac781fb48.txt
  - b9adf776-e701-4b56-87e0-aa48399e615e.txt
  - ba4933f4-5449-4cef-afa9-1096d5986369.txt
  - bb5c2fc8-4695-4f80-bbd9-928543962eb2.txt
  - bbdf3c89-7140-453d-b2b3-7a5d9f6398fe.txt
  - bc33c275-869c-4c4e-99a3-d1f25a427b4e.txt
  - bda8ebbf-fd6d-4ee7-9c61-d9f8ad7d1fe3.txt
  - c3023e51-f493-4e2c-9a52-02a0be7e90bd.txt
  - c39b7d84-a80b-4251-adce-0f50c61e0a50.txt
  - c3aed1c3-0af5-48db-81f4-2648adb7f637.txt
  - c3d391b4-cef3-48c2-8fff-119de36ebecd.txt
  - c645eaf3-da00-49f2-b72c-3303a5a81d98.txt
  - c651e498-296a-4ba2-8bf9-8d596d2e2d75.txt
  - c6be9540-38fb-4aec-beb7-42c800d1f6f2.txt
  - c7919ce5-e7ed-4e24-b14c-37ff4e6bc009.txt
  - c820402f-e28a-46ad-870b-a8b687a79ce5.txt
  - c9a8a8cb-6c33-44f4-aa3e-4ac2b50024a3.txt
  - ca23457d-44f5-432f-9dca-f42803b4990c.txt
  - Call1.txt
  - Call3.txt
  - Call4.txt
  - Call5.txt
  - cbcf9b1d-76be-494b-9d4f-28614e9e7b69.txt
  - ccb9152a-0361-4020-8e41-e0468a7617f6.txt
  - cd31e351-bd9d-4d12-9dcd-33358d69d29e.txt
  - cd448e83-d0f0-4cb3-af0b-db9d3dac7c2f.txt
  - ce30eae6-f393-45d9-b146-cf84b4896f5b.txt
  - cf957bdf-988d-4e48-a89c-fee8d978e758.txt
  - d0a21e49-b775-4d77-83f5-a664bf6ea647.txt
  - d20484f1-d129-4fbe-9892-43541e561eb4.txt
  - d2103a96-be6f-4a79-b239-f09fd07fb9f0.txt
  - d29b5a91-c0b5-4685-9bcc-18381f8d3752.txt
  - d373e123-c63c-4682-8ec4-680a2448f5a5.txt
  - d41acec6-7883-4cb3-916c-d5885bd378e3.txt
  - d4257c83-810f-4ae4-bb73-68073be6508b.txt
  - d4caadb6-d1e7-4361-aea7-146e17c09807.txt
  - d5ba2781-34f8-4beb-81ca-cf7731e1bd4b.txt
  - d5cfbb65-0244-421c-8240-3cd1f5d9f5a9.txt
  - d5e7324f-5ed3-403c-b91d-6c79f0477f06.txt
  - d631effd-81bb-4e8a-abfa-5e455f0144cb.txt
  - d636f0a1-a7d9-4572-846c-b73848b87075.txt
  - d6fd12b9-5329-4a6c-9115-aa60ff621a8f.txt
  - d782dfd1-e7af-43c8-b8f1-e16c619a4631.txt
  - da13f8fd-144f-42a3-8b51-450ee80ec86f.txt
  - da238639-fe82-44ce-a0e1-691c7fa6cc2b.txt
  - db20a991-f797-459b-a683-2a135b1915e1.txt
  - dbd6185c-415b-4061-9a2b-e61d233c0aaf.txt
  - dc182681-a08c-4ed0-b69b-fad0bc32b486.txt
  - dda80b00-9c44-42d4-b98c-a98329401f01.txt
  - de324894-cffd-4799-9583-ade47b5a24c7.txt
  - dea2db49-3890-4890-8f0f-433ef728e31b.txt
  - df7e1ec4-3d4f-4f60-80a8-c5e8b8fb6f89.txt
  - dfa3752a-a8bf-4c5a-a26b-fa9dbe713ba7.txt
  - dfc8eeb9-16f4-46a3-8883-f00fa16b9ac7.txt
  - e080ca9b-a09b-4214-8221-efc82a7ed176.txt
  - e1cd66a1-0563-45bc-9cdb-566e5885b7f0.txt
  - e226ce7c-16c1-4950-b4c7-19efbf1aa325.txt
  - e2c4292a-31d3-4ad5-9f1b-20c27e617f3d.txt
  - e3596375-71c6-4fe8-ae8b-c09ed56fdac7.txt
  - e3945e43-d108-4b8c-9265-4891b47703c5.txt
  - e3d161a4-b2f5-4190-af6c-2c2dc78a27c4.txt
  - e4bfdaf3-aab4-4a35-af1f-8cd170522df4.txt
  - e541c35f-bdc0-4589-9b77-41a39a74ab31.txt
  - e582e000-664c-481b-963f-867fb0cfb357.txt
  - e5e43491-35f4-405a-b791-f5cd2352ea29.txt
  - e5ec576d-1307-4b98-9ea4-3fa259f17cce.txt
  - e6a4efc7-9297-46e2-a56a-ac17a7226e9f.txt
  - e6d08d91-b5e8-48f8-bf84-fed6fbea30b9.txt
  - e88e1a5d-0853-4fb4-95b8-bef36ff62194.txt
  - e8915821-6bba-4bbb-87ea-45c1b1285f38.txt
  - e8e21e48-6d80-4aca-8026-b27c839a1ee0.txt
  - e8e2a304-0a68-40dd-8665-95bd7d1eabeb.txt
  - e90f9c3f-9b65-4722-829e-ec4fc63d809d.txt
  - ea0100e0-1f7e-4f0e-9d54-1de47548b5b4.txt
  - ea2db642-9c30-473d-bad1-ca39948f4b25.txt
  - ea36bf8b-8fb7-4df6-a18b-f903bd5de8da.txt
  - ea6c3a75-b8f3-4200-ae9d-a5240991ad19.txt
  - eac6df36-f90c-49d9-8fd5-b92b4394ef5b.txt
  - ead8eaf5-57fe-4bae-91de-d4dd01199a6a.txt
  - eaf841c5-5f20-420a-b6f3-250b8c2beaa5.txt
  - ecbdbf14-3759-430d-aee1-072b929b8ae8.txt
  - ed19dc51-48d3-4966-a0b7-39e2f0d5ea93.txt
  - ede081e5-19d3-4106-9f17-69852173a2ce.txt
  - ee762edd-3c8c-49b2-aa3b-e13055b345b1.txt
  - eed5d24c-91a0-4b75-94f9-2bbb0a4bf3a9.txt
  - f1981d79-2ea4-4b82-a98e-79af073b3860.txt
  - f2bd93ca-85c2-4e47-b060-2eaabfb93b4d.txt
  - f2c653f0-20ad-4cb7-bcb9-9dfc8cd4d799.txt
  - f3947931-9c8a-45f1-89d3-bcafedda4b8b.txt
  - f5d39fe1-2b40-41d9-a1e1-fb269a0d0674.txt
  - f7b1a335-9644-48d8-b572-9163af82363f.txt
  - f808353a-ecce-493d-90b7-3f9c20499b3b.txt
  - f8286b6b-c315-47d2-a32f-acbd3b726f3b.txt
  - fa0ec6ae-ab71-4e34-aa93-7d254b65c871.txt
  - fa2b6ab2-abbe-4cc7-a5df-7bf8e15f8da7.txt
  - fa5dccb8-dee0-42d6-b3b8-452ea94dcfea.txt
  - fa7194f6-023a-4808-8142-4bdc1feb90df.txt
  - fbec7e2b-ec0b-4f64-8a9b-60abf5b3fa8c.txt
  - fc915ebb-c20e-48df-a947-8d1474ca2900.txt
  - fdf2a099-dab4-40c2-aa94-e57c4e1ca099.txt
  - fe2d07a6-e3d3-4814-866c-d2951910258e.txt
  - fe5670b8-95bf-446b-a6d7-c986bea1c15c.txt
  - fe6dcf1d-4e1f-448b-9736-1dab5bd11c1e.txt

Choose pipeline version:
  [1] V1 -- Gemma-direct  (recommended for <=5 calls)
  [2] V2 -- Statistical clustering  (requires 30+ calls for Layer A)

Enter 1 or 2: 
Initializing database...
Initializing Pinecone index...
[pinecone] Index 'narens-brain' already exists.
Initializing checkpoint store...
  Run ID: 492c7be385c5
Traceback (most recent call last):
  File "C:\PF\Joveo\CS-platform\Brain\main.py", line 60, in <module>
  File "C:\PF\Joveo\CS-platform\Brain\main.py", line 50, in main
  File "C:\PF\Joveo\CS-platform\Brain\v2\pipeline.py", line 7, in <module>
  File "C:\PF\Joveo\CS-platform\Brain\v2\layer_a.py", line 5, in <module>
  File "C:\PF\Joveo\CS-platform\Brain\preprocessing\embedder.py", line 3, in <module>
  File "C:\PF\Joveo\CS-platform\.venv\Lib\site-packages\sentence_transformers\__init__.py", line 10, in <module>
  File "C:\PF\Joveo\CS-platform\.venv\Lib\site-packages\sentence_transformers\backend\__init__.py", line 5, in <module>
  File "C:\PF\Joveo\CS-platform\.venv\Lib\site-packages\sentence_transformers\backend\quantize.py", line 7, in <module>
  File "C:\PF\Joveo\CS-platform\.venv\Lib\site-packages\sentence_transformers\util\__init__.py", line 26, in <module>
  File "C:\PF\Joveo\CS-platform\.venv\Lib\site-packages\sentence_transformers\util\retrieval.py", line 14, in <module>
  File "C:\PF\Joveo\CS-platform\.venv\Lib\site-packages\sentence_transformers\util\similarity.py", line 9, in <module>
  File "C:\PF\Joveo\CS-platform\.venv\Lib\site-packages\sklearn\__init__.py", line 70, in <module>
  File "C:\PF\Joveo\CS-platform\.venv\Lib\site-packages\sklearn\base.py", line 20, in <module>
  File "C:\PF\Joveo\CS-platform\.venv\Lib\site-packages\sklearn\utils\__init__.py", line 9, in <module>
  File "C:\PF\Joveo\CS-platform\.venv\Lib\site-packages\sklearn\utils\_chunking.py", line 11, in <module>
  File "C:\PF\Joveo\CS-platform\.venv\Lib\site-packages\sklearn\utils\_param_validation.py", line 17, in <module>
  File "C:\PF\Joveo\CS-platform\.venv\Lib\site-packages\sklearn\utils\validation.py", line 24, in <module>
  File "C:\PF\Joveo\CS-platform\.venv\Lib\site-packages\sklearn\utils\_array_api.py", line 23, in <module>
  File "C:\PF\Joveo\CS-platform\.venv\Lib\site-packages\sklearn\utils\fixes.py", line 19, in <module>
  File "C:\PF\Joveo\CS-platform\.venv\Lib\site-packages\pandas\__init__.py", line 34, in <module>
  File "C:\PF\Joveo\CS-platform\.venv\Lib\site-packages\pandas\compat\__init__.py", line 28, in <module>
  File "C:\PF\Joveo\CS-platform\.venv\Lib\site-packages\pandas\compat\pyarrow.py", line 12, in <module>
  File "C:\PF\Joveo\CS-platform\.venv\Lib\site-packages\pyarrow\__init__.py", line 71, in <module>
  File "pyarrow/compat.pxi", line 37, in init pyarrow.lib
  File "<frozen importlib._bootstrap>", line 1176, in _find_and_load
  File "<frozen importlib._bootstrap>", line 1138, in _find_and_load_unlocked
  File "<frozen importlib._bootstrap>", line 1078, in _find_spec
  File "<frozen importlib._bootstrap_external>", line 1507, in find_spec
  File "<frozen importlib._bootstrap_external>", line 1479, in _get_spec
  File "<frozen importlib._bootstrap_external>", line 1619, in find_spec
  File "<frozen importlib._bootstrap_external>", line 1662, in _fill_cache
OSError: [WinError 6714] The current transaction context associated with the thread is not a valid handle to a transaction object: 'C:\\PF\\Joveo\\CS-platform\\Brain'
